Component: Arm Compiler for Embedded 6.19 Tool: armlink [5e73cb00]

==============================================================================

Section Cross References

    startup_tm4c123.o(STACK) refers (Special) to heapauxi.o(.text) for __use_two_region_memory
    startup_tm4c123.o(HEAP) refers (Special) to heapauxi.o(.text) for __use_two_region_memory
    startup_tm4c123.o(RESET) refers (Special) to heapauxi.o(.text) for __use_two_region_memory
    startup_tm4c123.o(RESET) refers to startup_tm4c123.o(STACK) for __initial_sp
    startup_tm4c123.o(RESET) refers to startup_tm4c123.o(.text) for Reset_Handler
    startup_tm4c123.o(RESET) refers to main.o(.text.SysTick_Handler) for SysTick_Handler
    startup_tm4c123.o(RESET) refers to timer0.o(.text.TIMER0A_Handler) for TIMER0A_Handler
    startup_tm4c123.o(RESET) refers to timer1.o(.text.TIMER1A_Handler) for TIMER1A_Handler
    startup_tm4c123.o(RESET) refers to sound.o(.text.TIMER2A_Handler) for TIMER2A_Handler
    startup_tm4c123.o(RESET) refers to main.o(.text.TIMER3A_Handler) for TIMER3A_Handler
    startup_tm4c123.o(RESET) refers to texas.o(.text.TIMER5A_Handler) for TIMER5A_Handler
    startup_tm4c123.o(.text) refers (Special) to heapauxi.o(.text) for __use_two_region_memory
    startup_tm4c123.o(.text) refers to __main.o(!!!main) for __main
    startup_tm4c123.o(.text) refers to startup_tm4c123.o(HEAP) for Heap_Mem
    startup_tm4c123.o(.text) refers to startup_tm4c123.o(STACK) for Stack_Mem
    main.o(.text.__cxx_global_var_init) refers to main.o(.bss.my) for my
    main.o(.text.__cxx_global_var_init) refers to slidepot.o(.text._ZN8SlidePotC2Ejj) for SlidePot::SlidePot(unsigned int, unsigned int)
    main.o(.ARM.exidx.text.__cxx_global_var_init) refers to main.o(.text.__cxx_global_var_init) for [Anonymous Symbol]
    main.o(.text.__cxx_global_var_init.1) refers to main.o(.bss.b) for b
    main.o(.text.__cxx_global_var_init.1) refers to main.o(.data.setUp) for setUp
    main.o(.text.__cxx_global_var_init.1) refers to module.o(.text._ZN4BombC2EPii) for Bomb::Bomb(int*, int)
    main.o(.ARM.exidx.text.__cxx_global_var_init.1) refers to main.o(.text.__cxx_global_var_init.1) for [Anonymous Symbol]
    main.o(.text.__cxx_global_var_init.2) refers to main.o(.data.ADCint) for ADCint
    main.o(.text.__cxx_global_var_init.2) refers to main.o(.bss.ADCinterval) for ADCinterval
    main.o(.text.__cxx_global_var_init.2) refers to faddsub_clz.o(x$fpl$fadd) for __aeabi_fadd
    main.o(.text.__cxx_global_var_init.2) refers to fmul.o(x$fpl$fmul) for __aeabi_fmul
    main.o(.ARM.exidx.text.__cxx_global_var_init.2) refers to main.o(.text.__cxx_global_var_init.2) for [Anonymous Symbol]
    main.o(.text._Z9Bomb_InitPi) refers to new.cpp.o(.text._Znwj) for operator new(unsigned int)
    main.o(.text._Z9Bomb_InitPi) refers to module.o(.text._ZN6ModuleC2Eb) for Module::Module(bool)
    main.o(.text._Z9Bomb_InitPi) refers to main.o(.bss.modules) for modules
    main.o(.text._Z9Bomb_InitPi) refers to module.o(.text._ZN5TimerC2Ei) for Timer::Timer(int)
    main.o(.text._Z9Bomb_InitPi) refers to main.o(.bss.t) for t
    main.o(.text._Z9Bomb_InitPi) refers to main.o(.bss.timer_location) for timer_location
    main.o(.text._Z9Bomb_InitPi) refers to main.o(.bss.num_wires) for num_wires
    main.o(.text._Z9Bomb_InitPi) refers to module.o(.text._ZN5WiresC2Ei) for Wires::Wires(int)
    main.o(.text._Z9Bomb_InitPi) refers to main.o(.bss.w1) for w1
    main.o(.text._Z9Bomb_InitPi) refers to main.o(.bss.w2) for w2
    main.o(.text._Z9Bomb_InitPi) refers to main.o(.bss.num_button) for num_button
    main.o(.text._Z9Bomb_InitPi) refers to module.o(.text._ZN6ButtonC2Ei) for Button::Button(int)
    main.o(.text._Z9Bomb_InitPi) refers to main.o(.bss.b1) for b1
    main.o(.text._Z9Bomb_InitPi) refers to main.o(.bss.b2) for b2
    main.o(.text._Z9Bomb_InitPi) refers to main.o(.bss.num_MorseCode) for num_MorseCode
    main.o(.text._Z9Bomb_InitPi) refers to module.o(.text._ZN9MorseCodeC2Ei) for MorseCode::MorseCode(int)
    main.o(.text._Z9Bomb_InitPi) refers to main.o(.bss.mc1) for mc1
    main.o(.text._Z9Bomb_InitPi) refers to main.o(.bss.mc2) for mc2
    main.o(.text._Z9Bomb_InitPi) refers to main.o(.bss.num_math) for num_math
    main.o(.text._Z9Bomb_InitPi) refers to module.o(.text._ZN4MathC2Ei) for Math::Math(int)
    main.o(.text._Z9Bomb_InitPi) refers to main.o(.bss.m1) for m1
    main.o(.text._Z9Bomb_InitPi) refers to main.o(.bss.m2) for m2
    main.o(.ARM.exidx.text._Z9Bomb_InitPi) refers to main.o(.text._Z9Bomb_InitPi) for [Anonymous Symbol]
    main.o(.ARM.exidx.text._Z3absi) refers to main.o(.text._Z3absi) for [Anonymous Symbol]
    main.o(.text._Z11convertTimei) refers to new.cpp.o(.text._Znaj) for operator new[](unsigned int)
    main.o(.ARM.exidx.text._Z11convertTimei) refers to main.o(.text._Z11convertTimei) for [Anonymous Symbol]
[...]
    COMP2_Handler                            0x0000037b   Thumb Code     2  startup_tm4c123.o(.text)
    SYSCTL_Handler                           0x0000037d   Thumb Code     2  startup_tm4c123.o(.text)
    FLASH_Handler                            0x0000037f   Thumb Code     2  startup_tm4c123.o(.text)
    GPIOF_Handler                            0x00000381   Thumb Code     2  startup_tm4c123.o(.text)
    GPIOG_Handler                            0x00000383   Thumb Code     2  startup_tm4c123.o(.text)
    GPIOH_Handler                            0x00000385   Thumb Code     2  startup_tm4c123.o(.text)
    UART2_Handler                            0x00000387   Thumb Code     2  startup_tm4c123.o(.text)
    SSI1_Handler                             0x00000389   Thumb Code     2  startup_tm4c123.o(.text)
    TIMER3B_Handler                          0x0000038d   Thumb Code     2  startup_tm4c123.o(.text)
    I2C1_Handler                             0x0000038f   Thumb Code     2  startup_tm4c123.o(.text)
    QEI1_Handler                             0x00000391   Thumb Code     2  startup_tm4c123.o(.text)
    CAN0_Handler                             0x00000393   Thumb Code     2  startup_tm4c123.o(.text)
    CAN1_Handler                             0x00000395   Thumb Code     2  startup_tm4c123.o(.text)
    CAN2_Handler                             0x00000397   Thumb Code     2  startup_tm4c123.o(.text)
    HIB_Handler                              0x00000399   Thumb Code     2  startup_tm4c123.o(.text)
    USB0_Handler                             0x0000039b   Thumb Code     2  startup_tm4c123.o(.text)
    PWM0_3_Handler                           0x0000039d   Thumb Code     2  startup_tm4c123.o(.text)
    UDMA_Handler                             0x0000039f   Thumb Code     2  startup_tm4c123.o(.text)
    UDMAERR_Handler                          0x000003a1   Thumb Code     2  startup_tm4c123.o(.text)
    ADC1SS0_Handler                          0x000003a3   Thumb Code     2  startup_tm4c123.o(.text)
    ADC1SS1_Handler                          0x000003a5   Thumb Code     2  startup_tm4c123.o(.text)
    ADC1SS2_Handler                          0x000003a7   Thumb Code     2  startup_tm4c123.o(.text)
    ADC1SS3_Handler                          0x000003a9   Thumb Code     2  startup_tm4c123.o(.text)
    GPIOJ_Handler                            0x000003ab   Thumb Code     2  startup_tm4c123.o(.text)
    GPIOK_Handler                            0x000003ad   Thumb Code     2  startup_tm4c123.o(.text)
    GPIOL_Handler                            0x000003af   Thumb Code     2  startup_tm4c123.o(.text)
    SSI2_Handler                             0x000003b1   Thumb Code     2  startup_tm4c123.o(.text)
    SSI3_Handler                             0x000003b3   Thumb Code     2  startup_tm4c123.o(.text)
    UART3_Handler                            0x000003b5   Thumb Code     2  startup_tm4c123.o(.text)
    UART4_Handler                            0x000003b7   Thumb Code     2  startup_tm4c123.o(.text)
    UART5_Handler                            0x000003b9   Thumb Code     2  startup_tm4c123.o(.text)
    UART6_Handler                            0x000003bb   Thumb Code     2  startup_tm4c123.o(.text)
    UART7_Handler                            0x000003bd   Thumb Code     2  startup_tm4c123.o(.text)
    I2C2_Handler                             0x000003bf   Thumb Code     2  startup_tm4c123.o(.text)
    I2C3_Handler                             0x000003c1   Thumb Code     2  startup_tm4c123.o(.text)
    TIMER4A_Handler                          0x000003c3   Thumb Code     2  startup_tm4c123.o(.text)
    TIMER4B_Handler                          0x000003c5   Thumb Code     2  startup_tm4c123.o(.text)
    TIMER5B_Handler                          0x000003c9   Thumb Code     2  startup_tm4c123.o(.text)
    WTIMER0A_Handler                         0x000003cb   Thumb Code     2  startup_tm4c123.o(.text)
    WTIMER0B_Handler                         0x000003cd   Thumb Code     2  startup_tm4c123.o(.text)
    WTIMER1A_Handler                         0x000003cf   Thumb Code     2  startup_tm4c123.o(.text)
    WTIMER1B_Handler                         0x000003d1   Thumb Code     2  startup_tm4c123.o(.text)
    WTIMER2A_Handler                         0x000003d3   Thumb Code     2  startup_tm4c123.o(.text)
    WTIMER2B_Handler                         0x000003d5   Thumb Code     2  startup_tm4c123.o(.text)
    WTIMER3A_Handler                         0x000003d7   Thumb Code     2  startup_tm4c123.o(.text)
    WTIMER3B_Handler                         0x000003d9   Thumb Code     2  startup_tm4c123.o(.text)
    WTIMER4A_Handler                         0x000003db   Thumb Code     2  startup_tm4c123.o(.text)
    WTIMER4B_Handler                         0x000003dd   Thumb Code     2  startup_tm4c123.o(.text)
    WTIMER5A_Handler                         0x000003df   Thumb Code     2  startup_tm4c123.o(.text)
    WTIMER5B_Handler                         0x000003e1   Thumb Code     2  startup_tm4c123.o(.text)
    FPU_Handler                              0x000003e3   Thumb Code     2  startup_tm4c123.o(.text)
    I2C4_Handler                             0x000003e5   Thumb Code     2  startup_tm4c123.o(.text)
    I2C5_Handler                             0x000003e7   Thumb Code     2  startup_tm4c123.o(.text)
    GPIOM_Handler                            0x000003e9   Thumb Code     2  startup_tm4c123.o(.text)
    GPION_Handler                            0x000003eb   Thumb Code     2  startup_tm4c123.o(.text)
    QEI2_Handler                             0x000003ed   Thumb Code     2  startup_tm4c123.o(.text)
    GPIOP0_Handler                           0x000003ef   Thumb Code     2  startup_tm4c123.o(.text)
    GPIOP1_Handler                           0x000003f1   Thumb Code     2  startup_tm4c123.o(.text)
    GPIOP2_Handler                           0x000003f3   Thumb Code     2  startup_tm4c123.o(.text)
    GPIOP3_Handler                           0x000003f5   Thumb Code     2  startup_tm4c123.o(.text)
    GPIOP4_Handler                           0x000003f7   Thumb Code     2  startup_tm4c123.o(.text)
    GPIOP5_Handler                           0x000003f9   Thumb Code     2  startup_tm4c123.o(.text)
    GPIOP6_Handler                           0x000003fb   Thumb Code     2  startup_tm4c123.o(.text)
    GPIOP7_Handler                           0x000003fd   Thumb Code     2  startup_tm4c123.o(.text)
    GPIOQ0_Handler                           0x000003ff   Thumb Code     2  startup_tm4c123.o(.text)
    GPIOQ1_Handler                           0x00000401   Thumb Code     2  startup_tm4c123.o(.text)
    GPIOQ2_Handler                           0x00000403   Thumb Code     2  startup_tm4c123.o(.text)
    GPIOQ3_Handler                           0x00000405   Thumb Code     2  startup_tm4c123.o(.text)
    GPIOQ4_Handler                           0x00000407   Thumb Code     2  startup_tm4c123.o(.text)
    GPIOQ5_Handler                           0x00000409   Thumb Code     2  startup_tm4c123.o(.text)
    GPIOQ6_Handler                           0x0000040b   Thumb Code     2  startup_tm4c123.o(.text)
    GPIOQ7_Handler                           0x0000040d   Thumb Code     2  startup_tm4c123.o(.text)
    GPIOR_Handler                            0x0000040f   Thumb Code     2  startup_tm4c123.o(.text)
    GPIOS_Handler                            0x00000411   Thumb Code     2  startup_tm4c123.o(.text)
    PMW1_0_Handler                           0x00000413   Thumb Code     2  startup_tm4c123.o(.text)
    PWM1_1_Handler                           0x00000415   Thumb Code     2  startup_tm4c123.o(.text)
    PWM1_2_Handler                           0x00000417   Thumb Code     2  startup_tm4c123.o(.text)
    PWM1_3_Handler                           0x00000419   Thumb Code     2  startup_tm4c123.o(.text)
    PWM1_FAULT_Handler                       0x0000041b   Thumb Code     2  startup_tm4c123.o(.text)
    __user_initial_stackheap                 0x0000041d   Thumb Code     0  startup_tm4c123.o(.text)
    __use_two_region_memory                  0x0000043d   Thumb Code     2  heapauxi.o(.text)
    __rt_heap_escrow                         0x0000043f   Thumb Code     2  heapauxi.o(.text)
    __rt_heap_expand                         0x00000441   Thumb Code     2  heapauxi.o(.text)
    __cpp_initialize__aeabi_                 0x00000445   Thumb Code    28  init_aeabi.o(.text)
    malloc                                   0x00000469   Thumb Code    94  h1_alloc.o(.text)
    free                                     0x000004c7   Thumb Code    78  h1_free.o(.text)
    _sys_exit                                0x00000515   Thumb Code     8  sys_exit.o(.text)
    __rt_heap_descriptor                     0x00000521   Thumb Code     8  rt_heap_descriptor_intlibspace.o(.text)
    __use_no_heap                            0x00000529   Thumb Code     2  hguard.o(.text)
    __heap$guard                             0x0000052b   Thumb Code     2  hguard.o(.text)
    _terminate_user_alloc                    0x0000052d   Thumb Code     2  init_alloc.o(.text)
    _init_user_alloc                         0x0000052f   Thumb Code     2  init_alloc.o(.text)
    __Heap_Full                              0x00000531   Thumb Code    34  init_alloc.o(.text)
    __Heap_Broken                            0x00000553   Thumb Code     6  init_alloc.o(.text)
    _init_alloc                              0x00000559   Thumb Code    94  init_alloc.o(.text)
    __Heap_Initialize                        0x000005b7   Thumb Code    10  h1_init.o(.text)
    __Heap_DescSize                          0x000005c1   Thumb Code     4  h1_init.o(.text)
    __user_libspace                          0x000005c5   Thumb Code     8  libspace.o(.text)
    __user_perproc_libspace                  0x000005c5   Thumb Code     0  libspace.o(.text)
    __user_perthread_libspace                0x000005c5   Thumb Code     0  libspace.o(.text)
    __I$use$semihosting                      0x000005cd   Thumb Code     0  use_no_semi.o(.text)
    __use_no_semihosting_swi                 0x000005cd   Thumb Code     2  use_no_semi.o(.text)
    __semihosting_library_function           0x000005cf   Thumb Code     0  indicate_semi.o(.text)
    __user_setup_stackheap                   0x000005cf   Thumb Code    74  sys_stackheap_outer.o(.text)
    __Heap_ProvideMemory                     0x00000619   Thumb Code    52  h1_extend.o(.text)
    _maybe_terminate_alloc                   0x00000619   Thumb Code     0  maybetermalloc1.o(.text)
    exit                                     0x0000064d   Thumb Code    18  exit.o(.text)
    __sig_exit                               0x0000065f   Thumb Code    10  defsig_exit.o(.text)
    __rt_SIGRTMEM                            0x00000669   Thumb Code    14  defsig_rtmem_outer.o(.text)
    __default_signal_display                 0x00000677   Thumb Code    50  defsig_general.o(.text)
    __rt_SIGRTMEM_inner                      0x000006a9   Thumb Code    22  defsig_rtmem_inner.o(.text)
    _ttywrch                                 0x000006f9   Thumb Code    14  sys_wrch.o(.text)
    ST7735_OutChar                           0x00000709   Thumb Code   270  st7735.o(.text.ST7735_OutChar)
    ST7735_OutString                         0x00000819   Thumb Code    36  st7735.o(.text.ST7735_OutString)
    SysTick_Handler                          0x0000083d   Thumb Code    36  main.o(.text.SysTick_Handler)
    TIMER0A_Handler                          0x00000861   Thumb Code    26  timer0.o(.text.TIMER0A_Handler)
    TIMER1A_Handler                          0x0000087d   Thumb Code    28  timer1.o(.text.TIMER1A_Handler)
    TIMER2A_Handler                          0x00000899   Thumb Code   100  sound.o(.text.TIMER2A_Handler)
    TIMER3A_Handler                          0x000008fd   Thumb Code    28  main.o(.text.TIMER3A_Handler)
    TIMER5A_Handler                          0x00000919   Thumb Code    36  texas.o(.text.TIMER5A_Handler)
    PortF_Init()                             0x000009d9   Thumb Code   140  main.o(.text._Z10PortF_Initv)
    Wave_Start(unsigned char const*, unsigned int) 0x00000a65   Thumb Code    40  sound.o(.text._Z10Wave_StartPKhj)
    Output_Init()                            0x00000a8d   Thumb Code    16  st7735.o(.text._Z11Output_Initv)
    Random_Init(unsigned int)                0x00000a9d   Thumb Code    20  random.o(.text._Z11Random_Initj)
    Timer0_Init(void (*)(), unsigned int)    0x00000ab1   Thumb Code   140  timer0.o(.text._Z11Timer0_InitPFvvEj)
    Timer1_Init(void (*)(), unsigned int)    0x00000b3d   Thumb Code   154  timer1.o(.text._Z11Timer1_InitPFvvEj)
    convertTime(int)                         0x00000bd9   Thumb Code   136  main.o(.text._Z11convertTimei)
    fillmessage(unsigned int)                0x00000c61   Thumb Code   112  st7735.o(.text._Z11fillmessagej)
    ST7735_InitR(initRFlags)                 0x00000cd1   Thumb Code   166  st7735.o(.text._Z12ST7735_InitR10initRFlags)
    SysTick_Init(unsigned int)               0x00000d79   Thumb Code    66  main.o(.text._Z12SysTick_Initj)
    Timer2A_Init(unsigned int, unsigned int) 0x00000dbd   Thumb Code   136  sound.o(.text._Z12Timer2A_Initjj)
    Timer3A_Init(void (*)(), unsigned int)   0x00000e45   Thumb Code   152  main.o(.text._Z12Timer3A_InitPFvvEj)
    noneSelected()                           0x00000edd   Thumb Code    74  timer1.o(.text._Z12noneSelectedv)
    ST7735_OutFix(unsigned int)              0x00000f29   Thumb Code   190  st7735.o(.text._Z13ST7735_OutFixj)
    Timer2A_Start()                          0x00000fe9   Thumb Code    16  sound.o(.text._Z13Timer2A_Startv)
    Wave_Complete()                          0x00000ff9   Thumb Code    20  sound.o(.text._Z13Wave_Completev)
    ST7735_OutUDec(unsigned int)             0x0000100d   Thumb Code   166  st7735.o(.text._Z14ST7735_OutUDecj)
    ST7735_FillRect(short, short, short, short, unsigned short) 0x000010b5   Thumb Code   324  st7735.o(.text._Z15ST7735_FillRectsssst)
    Wave_bExplosion()                        0x000011f9   Thumb Code    20  sound.o(.text._Z15Wave_bExplosionv)
    ST7735_DrawCharS(short, short, char, short, short, unsigned char) 0x0000120d   Thumb Code   438  st7735.o(.text._Z16ST7735_DrawCharSsscssh)
    ST7735_DrawPixel(short, short, unsigned short) 0x000013c5   Thumb Code   116  st7735.o(.text._Z16ST7735_DrawPixelsst)
    ST7735_SetCursor(unsigned int, unsigned int) 0x00001439   Thumb Code    54  st7735.o(.text._Z16ST7735_SetCursorjj)
    ST7735_DrawBitmap(short, short, unsigned short const*, short, short) 0x00001471   Thumb Code   594  st7735.o(.text._Z17ST7735_DrawBitmapssPKtss)
    ST7735_DrawString(unsigned short, unsigned short, char*, short) 0x000016c5   Thumb Code   154  st7735.o(.text._Z17ST7735_DrawStringttPcs)
    ST7735_FillScreen(unsigned short)        0x00001761   Thumb Code    52  st7735.o(.text._Z17ST7735_FillScreent)
    ST7735_SetTextColor(unsigned short)      0x00001795   Thumb Code    24  st7735.o(.text._Z19ST7735_SetTextColort)
    ST7735_DrawFastHLine(short, short, short, unsigned short) 0x000017ad   Thumb Code   204  st7735.o(.text._Z20ST7735_DrawFastHLinessst)
    ST7735_DrawFastVLine(short, short, short, unsigned short) 0x00001879   Thumb Code   204  st7735.o(.text._Z20ST7735_DrawFastVLinessst)
    ST7735_InvertDisplay(int)                0x00001945   Thumb Code    36  st7735.o(.text._Z20ST7735_InvertDisplayi)
    task0()                                  0x00001969   Thumb Code    16  timer0.o(.text._Z5task0v)
    task1()                                  0x00001979   Thumb Code  2626  timer1.o(.text._Z5task1v)
    task3()                                  0x000023bd   Thumb Code   282  main.o(.text._Z5task3v)
    ADC_In()                                 0x000024d9   Thumb Code    70  slidepot.o(.text._Z6ADC_Inv)
    Key_In()                                 0x00002521   Thumb Code    32  module.o(.text._Z6Key_Inv)
    Random()                                 0x00002541   Thumb Code    36  random.o(.text._Z6Randomv)
    DAC_Out(unsigned int)                    0x00002565   Thumb Code    20  dac.o(.text._Z7DAC_Outj)
    ADC_Init()                               0x00002579   Thumb Code   268  slidepot.o(.text._Z8ADC_Initv)
    DAC_Init()                               0x00002685   Thumb Code    86  dac.o(.text._Z8DAC_Initv)
    Delay1ms(unsigned int)                   0x000026dd   Thumb Code    46  st7735.o(.text._Z8Delay1msj)
    Key_Init()                               0x0000270d   Thumb Code   134  module.o(.text._Z8Key_Initv)
    PLL_Init(unsigned int)                   0x00002795   Thumb Code   138  pll.o(.text._Z8PLL_Initj)
    drawRect(int, int, int, int, unsigned short) 0x00002821   Thumb Code   116  module.o(.text._Z8drawRectiiiit)
    Bomb_Init(int*)                          0x00002895   Thumb Code   700  main.o(.text._Z9Bomb_InitPi)
    Wave_Init()                              0x00002b51   Thumb Code    22  sound.o(.text._Z9Wave_Initv)
    Wave_Stop()                              0x00002b69   Thumb Code    16  sound.o(.text._Z9Wave_Stopv)
    Bomb::addStrikes()                       0x00002f35   Thumb Code    36  module.o(.text._ZN4Bomb10addStrikesEv)
    Bomb::drawStrike(int)                    0x00002f59   Thumb Code   234  module.o(.text._ZN4Bomb10drawStrikeEi)
    Bomb::getSelector()                      0x00003045   Thumb Code    12  module.o(.text._ZN4Bomb11getSelectorEv)
    Bomb::hasExploded()                      0x00003051   Thumb Code    16  module.o(.text._ZN4Bomb11hasExplodedEv)
    Bomb::drawSelector()                     0x00003061   Thumb Code   116  module.o(.text._ZN4Bomb12drawSelectorEv)
    Bomb::moveSelector(int)                  0x000030d5   Thumb Code   282  module.o(.text._ZN4Bomb12moveSelectorEi)
    Bomb::drawSelectorRect(int, int)         0x000031f1   Thumb Code    88  module.o(.text._ZN4Bomb16drawSelectorRectEii)
    Bomb::failure()                          0x00003249   Thumb Code    36  module.o(.text._ZN4Bomb7failureEv)
    Bomb::isSolved()                         0x0000326d   Thumb Code    88  module.o(.text._ZN4Bomb8isSolvedEv)
    Bomb::Bomb(int*, int)                    0x000032c5   Thumb Code   100  module.o(.text._ZN4BombC2EPii)
    Bomb::Bomb__sub_object(int*, int)        0x000032c5   Thumb Code   100  module.o(.text._ZN4BombC2EPii)
    Bomb::Bomb()                             0x00003329   Thumb Code    36  module.o(.text._ZN4BombC2Ev)
    Bomb::Bomb__sub_object()                 0x00003329   Thumb Code    36  module.o(.text._ZN4BombC2Ev)
    Math::moveSelector(int)                  0x0000334d   Thumb Code    94  module.o(.text._ZN4Math12moveSelectorEi)
    Math::drawMSelector()                    0x000033ad   Thumb Code   162  module.o(.text._ZN4Math13drawMSelectorEv)
    Math::determineAnswer()                  0x00003451   Thumb Code   794  module.o(.text._ZN4Math15determineAnswerEv)
    Math::Draw(int)                          0x0000376d   Thumb Code   648  module.o(.text._ZN4Math4DrawEi)
    Math::check(int)                         0x000039f5   Thumb Code    50  module.o(.text._ZN4Math5checkEi)
    Math::select()                           0x00003a29   Thumb Code    94  module.o(.text._ZN4Math6selectEv)
    Math::Math(int)                          0x00003a89   Thumb Code   226  module.o(.text._ZN4MathC2Ei)
    Math::Math__sub_object(int)              0x00003a89   Thumb Code   226  module.o(.text._ZN4MathC2Ei)
    Timer::DrawTimerRect(int, int)           0x00003b6d   Thumb Code    62  module.o(.text._ZN5Timer13DrawTimerRectEii)
    Timer::Draw(int)                         0x00003bad   Thumb Code   174  module.o(.text._ZN5Timer4DrawEi)
    Timer::getloc()                          0x00003c5d   Thumb Code    12  module.o(.text._ZN5Timer6getlocEv)
    Timer::outTime(char*)                    0x00003c69   Thumb Code    84  module.o(.text._ZN5Timer7outTimeEPc)
    Timer::Timer(int)                        0x00003cbd   Thumb Code    44  module.o(.text._ZN5TimerC2Ei)
    Timer::Timer__sub_object(int)            0x00003cbd   Thumb Code    44  module.o(.text._ZN5TimerC2Ei)
    Wires::drawCutWire()                     0x00003ce9   Thumb Code   130  module.o(.text._ZN5Wires11drawCutWireEv)
    Wires::lastIndexOf(int)                  0x00003d6d   Thumb Code    76  module.o(.text._ZN5Wires11lastIndexOfEi)
    Wires::moveSelector(int)                 0x00003db9   Thumb Code   248  module.o(.text._ZN5Wires12moveSelectorEi)
    Wires::drawWSelector()                   0x00003eb1   Thumb Code   236  module.o(.text._ZN5Wires13drawWSelectorEv)
    Wires::determineAnswer()                 0x00003f9d   Thumb Code   636  module.o(.text._ZN5Wires15determineAnswerEv)
    Wires::cut()                             0x00004219   Thumb Code   146  module.o(.text._ZN5Wires3cutEv)
    Wires::Draw(int)                         0x000042ad   Thumb Code   616  module.o(.text._ZN5Wires4DrawEi)
    Wires::check(int)                        0x00004515   Thumb Code    50  module.o(.text._ZN5Wires5checkEi)
    Wires::indexOf(int)                      0x00004549   Thumb Code    78  module.o(.text._ZN5Wires7indexOfEi)
    Wires::Wires(int)                        0x00004599   Thumb Code   150  module.o(.text._ZN5WiresC2Ei)
    Wires::Wires__sub_object(int)            0x00004599   Thumb Code   150  module.o(.text._ZN5WiresC2Ei)
    Button::getLocation()                    0x00004631   Thumb Code    12  module.o(.text._ZN6Button11getLocationEv)
    Button::determineAnswer()                0x0000463d   Thumb Code   206  module.o(.text._ZN6Button15determineAnswerEv)
    Button::Draw(int)                        0x0000470d   Thumb Code   176  module.o(.text._ZN6Button4DrawEi)
    Button::Button(int)                      0x000047bd   Thumb Code   116  module.o(.text._ZN6ButtonC2Ei)
    Button::Button__sub_object(int)          0x000047bd   Thumb Code   116  module.o(.text._ZN6ButtonC2Ei)
    Module::drawModule(int)                  0x00004831   Thumb Code   308  module.o(.text._ZN6Module10drawModuleEi)
    Module::drawSolved(int)                  0x00004965   Thumb Code   202  module.o(.text._ZN6Module10drawSolvedEi)
    Module::selectModule()                   0x00004a31   Thumb Code    42  module.o(.text._ZN6Module12selectModuleEv)
    Module::deselectModule()                 0x00004a5d   Thumb Code    32  module.o(.text._ZN6Module14deselectModuleEv)
    Module::drawEmptyModule(int)             0x00004a7d   Thumb Code   122  module.o(.text._ZN6Module15drawEmptyModuleEi)
    Module::Draw(int)                        0x00004af9   Thumb Code    20  module.o(.text._ZN6Module4DrawEi)
    Module::outTime(char*)                   0x00004b0d   Thumb Code    10  module.o(.text._ZN6Module7outTimeEPc)
    Module::Module(bool)                     0x00004b19   Thumb Code    60  module.o(.text._ZN6ModuleC2Eb)
    Module::Module__sub_object(bool)         0x00004b19   Thumb Code    60  module.o(.text._ZN6ModuleC2Eb)
    Module::Module()                         0x00004b55   Thumb Code    48  module.o(.text._ZN6ModuleC2Ev)
    Module::Module__sub_object()             0x00004b55   Thumb Code    48  module.o(.text._ZN6ModuleC2Ev)
    SlidePot::SlidePot(unsigned int, unsigned int) 0x00004b85   Thumb Code    22  slidepot.o(.text._ZN8SlidePotC2Ejj)
    SlidePot::SlidePot__sub_object(unsigned int, unsigned int) 0x00004b85   Thumb Code    22  slidepot.o(.text._ZN8SlidePotC2Ejj)
    MorseCode::dot()                         0x00004b9d   Thumb Code    54  module.o(.text._ZN9MorseCode3dotEv)
    MorseCode::Draw(int)                     0x00004bd5   Thumb Code   134  module.o(.text._ZN9MorseCode4DrawEi)
    MorseCode::dash()                        0x00004c5d   Thumb Code    54  module.o(.text._ZN9MorseCode4dashEv)
    MorseCode::check()                       0x00004c95   Thumb Code   120  module.o(.text._ZN9MorseCode5checkEv)
    MorseCode::space()                       0x00004d0d   Thumb Code    18  module.o(.text._ZN9MorseCode5spaceEv)
    MorseCode::outFreq()                     0x00004d21   Thumb Code   108  module.o(.text._ZN9MorseCode7outFreqEv)
    MorseCode::setFreq(int)                  0x00004d8d   Thumb Code    16  module.o(.text._ZN9MorseCode7setFreqEi)
    MorseCode::flashLED()                    0x00004d9d   Thumb Code   112  module.o(.text._ZN9MorseCode8flashLEDEv)
    MorseCode::MorseCode(int)                0x00004e0d   Thumb Code   116  module.o(.text._ZN9MorseCodeC2Ei)
    MorseCode::MorseCode__sub_object(int)    0x00004e0d   Thumb Code   116  module.o(.text._ZN9MorseCodeC2Ei)
    std::get_new_handler()                   0x00004e81   Thumb Code    12  cxa_handlers.cpp.o(.text._ZSt15get_new_handlerv)
    operator delete[](void*)                 0x00004e8d   Thumb Code     4  new.cpp.o(.text._ZdaPv)
    operator delete(void*)                   0x00004e91   Thumb Code     4  new.cpp.o(.text._ZdlPv)
    operator new[](unsigned int)             0x00004e95   Thumb Code     4  new.cpp.o(.text._Znaj)
    operator new(unsigned int)               0x00004e99   Thumb Code    38  new.cpp.o(.text._Znwj)
    main                                     0x00005a85   Thumb Code  1916  main.o(.text.main)
    __aeabi_fadd                             0x00006201   Thumb Code     0  faddsub_clz.o(x$fpl$fadd)
    _fadd                                    0x00006201   Thumb Code   196  faddsub_clz.o(x$fpl$fadd)
    __aeabi_fcmpeq                           0x000062c5   Thumb Code     0  fcmp.o(x$fpl$fcmp)
    _feq                                     0x000062c5   Thumb Code    14  fcmp.o(x$fpl$fcmp)
    _fneq                                    0x000062d3   Thumb Code    14  fcmp.o(x$fpl$fcmp)
    __aeabi_fcmpgt                           0x000062e1   Thumb Code     0  fcmp.o(x$fpl$fcmp)
    _fgr                                     0x000062e1   Thumb Code    14  fcmp.o(x$fpl$fcmp)
    __aeabi_fcmpge                           0x000062ef   Thumb Code     0  fcmp.o(x$fpl$fcmp)
    _fgeq                                    0x000062ef   Thumb Code    14  fcmp.o(x$fpl$fcmp)
    __aeabi_fcmple                           0x000062fd   Thumb Code     0  fcmp.o(x$fpl$fcmp)
    _fleq                                    0x000062fd   Thumb Code    14  fcmp.o(x$fpl$fcmp)
    __aeabi_fcmplt                           0x0000630b   Thumb Code     0  fcmp.o(x$fpl$fcmp)
    _fls                                     0x0000630b   Thumb Code    14  fcmp.o(x$fpl$fcmp)
    __fpl_fcmp_Inf                           0x00006319   Thumb Code    24  fcmpi.o(x$fpl$fcmpinf)
    __aeabi_cfcmpeq                          0x00006331   Thumb Code     0  feqf.o(x$fpl$feqf)
    _fcmpeq                                  0x00006331   Thumb Code   104  feqf.o(x$fpl$feqf)
    __aeabi_ui2f                             0x00006399   Thumb Code     0  fflt_clz.o(x$fpl$ffltu)
    _ffltu                                   0x00006399   Thumb Code    38  fflt_clz.o(x$fpl$ffltu)
    _fcmpge                                  0x000063c1   Thumb Code   104  fgeqf.o(x$fpl$fgeqf)
    __aeabi_cfcmple                          0x00006429   Thumb Code     0  fleqf.o(x$fpl$fleqf)
    _fcmple                                  0x00006429   Thumb Code   104  fleqf.o(x$fpl$fleqf)
    __fpl_fcmple_InfNaN                      0x0000647b   Thumb Code     0  fleqf.o(x$fpl$fleqf)
    __aeabi_fmul                             0x00006491   Thumb Code     0  fmul.o(x$fpl$fmul)
    _fmul                                    0x00006491   Thumb Code   258  fmul.o(x$fpl$fmul)
    __fpl_fnaninf                            0x00006593   Thumb Code   140  fnaninf.o(x$fpl$fnaninf)
    __fpl_fretinf                            0x0000661f   Thumb Code    10  fretinf.o(x$fpl$fretinf)
    __aeabi_fsub                             0x00006629   Thumb Code     0  faddsub_clz.o(x$fpl$fsub)
    _fsub                                    0x00006629   Thumb Code   234  faddsub_clz.o(x$fpl$fsub)
    __I$use$fp                               0x00006712   Number         0  usenofp.o(x$fpl$usenofp)
    vtable for Math                          0x00024128   Data          16  module.o(.rodata._ZTV4Math)
    vtable for Timer                         0x00024138   Data          16  module.o(.rodata._ZTV5Timer)
    vtable for Wires                         0x00024148   Data          16  module.o(.rodata._ZTV5Wires)
    vtable for Button                        0x00024158   Data          16  module.o(.rodata._ZTV6Button)
    vtable for Module                        0x00024168   Data          16  module.o(.rodata._ZTV6Module)
    vtable for MorseCode                     0x00024178   Data          16  module.o(.rodata._ZTV9MorseCode)
    Region$$Table$$Base                      0x00024324   Number         0  anon$$obj.o(Region$$Table)
    Region$$Table$$Limit                     0x00024344   Number         0  anon$$obj.o(Region$$Table)
    SHT$$INIT_ARRAY$$Base                    0x00024344   Number         0  main.o(.init_array)
    SHT$$INIT_ARRAY$$Limit                   0x00024350   Number         0  init_aeabi.o(.init_array)
    ADCint                                   0x20000000   Data           4  main.o(.data.ADCint)
    StTextColor                              0x20000004   Data           2  st7735.o(.data.StTextColor)
    anim                                     0x2000000c   Data           4  main.o(.data.anim)
    buttons                                  0x20000010   Data          80  module.o(.data.buttons)
    explosion                                0x20000060   Data          24  main.o(.data.explosion)
    math_images                              0x20000078   Data         116  module.o(.data.math_images)
    morse                                    0x200000ec   Data          40  module.o(.data.morse)
    presses                                  0x20000114   Data          12  timer1.o(.data.presses)
    selectormoved                            0x20000120   Data           1  main.o(.data.selectormoved)
    setUp                                    0x20000124   Data          48  main.o(.data.setUp)
    words                                    0x20000154   Data          40  module.o(.data.words)
    __libspace_start                         0x20000180   Data          96  libspace.o(.bss)
    ADCFlag                                  0x200001e0   Data           1  main.o(.bss.ADCFlag)
    __temporary_stack_top$libspace           0x200001e0   Data           0  libspace.o(.bss)
    ADCinterval                              0x200001e4   Data          88  main.o(.bss.ADCinterval)
    Message                                  0x2000023c   Data          12  st7735.o(.bss.Message)
    Messageindex                             0x20000248   Data           4  st7735.o(.bss.Messageindex)
    PeriodicTask0                            0x2000024c   Data           4  timer0.o(.bss.PeriodicTask0)
    PeriodicTask1                            0x20000250   Data           4  timer1.o(.bss.PeriodicTask1)
    PeriodicTask3                            0x20000254   Data           4  main.o(.bss.PeriodicTask3)
    StX                                      0x20000258   Data           4  st7735.o(.bss.StX)
    StY                                      0x2000025c   Data           4  st7735.o(.bss.StY)
    __cxa_new_handler                        0x20000268   Data           4  cxa_default_handlers.cpp.o(.bss.__cxa_new_handler)
    answer                                   0x2000026c   Data           4  timer1.o(.bss.answer)
    b                                        0x20000270   Data          44  main.o(.bss.b)
    b1                                       0x2000029c   Data           4  main.o(.bss.b1)
    b2                                       0x200002a0   Data           4  main.o(.bss.b2)
    data                                     0x200002a4   Data           4  main.o(.bss.data)
    i                                        0x200002a8   Data           4  sound.o(.bss.i)
    img1                                     0x200002ac   Data          12  module.o(.bss.img1)
    img10                                    0x200002b8   Data          12  module.o(.bss.img10)
    img11                                    0x200002c4   Data          12  module.o(.bss.img11)
    img12                                    0x200002d0   Data          12  module.o(.bss.img12)
    img13                                    0x200002dc   Data          12  module.o(.bss.img13)
    img14                                    0x200002e8   Data          12  module.o(.bss.img14)
    img15                                    0x200002f4   Data          12  module.o(.bss.img15)
    img16                                    0x20000300   Data          12  module.o(.bss.img16)
    img17                                    0x2000030c   Data          12  module.o(.bss.img17)
    img18                                    0x20000318   Data          12  module.o(.bss.img18)
    img19                                    0x20000324   Data          12  module.o(.bss.img19)
    img2                                     0x20000330   Data          12  module.o(.bss.img2)
    img20                                    0x2000033c   Data          12  module.o(.bss.img20)
    img21                                    0x20000348   Data          12  module.o(.bss.img21)
    img22                                    0x20000354   Data          12  module.o(.bss.img22)
    img23                                    0x20000360   Data          12  module.o(.bss.img23)
    img24                                    0x2000036c   Data          12  module.o(.bss.img24)
    img25                                    0x20000378   Data          12  module.o(.bss.img25)
    img26                                    0x20000384   Data          12  module.o(.bss.img26)
    img27                                    0x20000390   Data          12  module.o(.bss.img27)
    img28                                    0x2000039c   Data          12  module.o(.bss.img28)
    img3                                     0x200003a8   Data          12  module.o(.bss.img3)
    img4                                     0x200003b4   Data          12  module.o(.bss.img4)
    img5                                     0x200003c0   Data          12  module.o(.bss.img5)
    img6                                     0x200003cc   Data          12  module.o(.bss.img6)
    img7                                     0x200003d8   Data          12  module.o(.bss.img7)
    img8                                     0x200003e4   Data          12  module.o(.bss.img8)
    img9                                     0x200003f0   Data          12  module.o(.bss.img9)
    imgarray                                 0x200003fc   Data         348  module.o(.bss.imgarray)
    imgdigits                                0x20000558   Data         132  module.o(.bss.imgdigits)
    imgops                                   0x200005dc   Data          48  module.o(.bss.imgops)
    imgposs                                  0x2000060c   Data         288  module.o(.bss.imgposs)
    language                                 0x2000072c   Data           4  main.o(.bss.language)
    m1                                       0x20000730   Data           4  main.o(.bss.m1)
    m2                                       0x20000734   Data           4  main.o(.bss.m2)
    mc1                                      0x20000738   Data           4  main.o(.bss.mc1)
    mc2                                      0x2000073c   Data           4  main.o(.bss.mc2)
    modules                                  0x20000740   Data          48  main.o(.bss.modules)
    my                                       0x20000770   Data          20  main.o(.bss.my)
    num_MorseCode                            0x20000784   Data           4  main.o(.bss.num_MorseCode)
    num_button                               0x20000788   Data           4  main.o(.bss.num_button)
    num_math                                 0x2000078c   Data           4  main.o(.bss.num_math)
    num_wires                                0x20000790   Data           4  main.o(.bss.num_wires)
    onetime                                  0x20000794   Data           1  timer1.o(.bss.onetime)
    pressed                                  0x20000798   Data           4  timer1.o(.bss.pressed)
    prev_sel                                 0x2000079c   Data           4  timer1.o(.bss.prev_sel)
    screen                                   0x200007a0   Data           4  main.o(.bss.screen)
    selectorclicked                          0x200007a4   Data           1  main.o(.bss.selectorclicked)
    t                                        0x200007a8   Data           4  main.o(.bss.t)
    tentime                                  0x200007ac   Data           1  timer1.o(.bss.tentime)
    timer_location                           0x200007b0   Data           4  main.o(.bss.timer_location)
    w1                                       0x200007b4   Data           4  main.o(.bss.w1)
    w2                                       0x200007b8   Data           4  main.o(.bss.w2)
    waited                                   0x200007bc   Data           4  timer1.o(.bss.waited)
    wav                                      0x200007c0   Data           4  sound.o(.bss.wav)
    wavLen                                   0x200007c4   Data           4  sound.o(.bss.wavLen)



==============================================================================

Memory Map of the image

  Image Entry point : 0x0000026d

  Load Region LR_IROM1 (Base: 0x00000000, Size: 0x000244d0, Max: 0x00040000, ABSOLUTE)

    Execution Region ER_IROM1 (Exec base: 0x00000000, Load base: 0x00000000, Size: 0x00024350, Max: 0x00040000, ABSOLUTE)

    Exec Addr    Load Addr    Size         Type   Attr      Idx    E Section Name        Object

    0x00000000   0x00000000   0x0000026c   Data   RO            3    RESET               startup_tm4c123.o
    0x0000026c   0x0000026c   0x00000008   Code   RO          674  * !!!main             c_w.l(__main.o)
    0x00000274   0x00000274   0x00000034   Code   RO         1070    !!!scatter          c_w.l(__scatter.o)
    0x000002a8   0x000002a8   0x0000001a   Code   RO         1072    !!handler_copy      c_w.l(__scatter_copy.o)
    0x000002c2   0x000002c2   0x00000002   PAD
    0x000002c4   0x000002c4   0x0000001c   Code   RO         1074    !!handler_zi        c_w.l(__scatter_zi.o)
    0x000002e0   0x000002e0   0x00000002   Code   RO         1007    .ARM.Collect$$libinit$$00000000  c_w.l(libinit.o)
    0x000002e2   0x000002e2   0x00000000   Code   RO          813    .ARM.Collect$$libinit$$00000002  c_w.l(libinit2.o)
    0x000002e2   0x000002e2   0x00000000   Code   RO          815    .ARM.Collect$$libinit$$00000004  c_w.l(libinit2.o)
    0x000002e2   0x000002e2   0x00000000   Code   RO          817    .ARM.Collect$$libinit$$00000006  c_w.l(libinit2.o)
    0x000002e2   0x000002e2   0x00000008   Code   RO          818    .ARM.Collect$$libinit$$00000007  c_w.l(libinit2.o)
    0x000002ea   0x000002ea   0x00000000   Code   RO          820    .ARM.Collect$$libinit$$0000000C  c_w.l(libinit2.o)
    0x000002ea   0x000002ea   0x00000000   Code   RO          822    .ARM.Collect$$libinit$$0000000E  c_w.l(libinit2.o)
    0x000002ea   0x000002ea   0x00000000   Code   RO          824    .ARM.Collect$$libinit$$00000010  c_w.l(libinit2.o)
    0x000002ea   0x000002ea   0x00000000   Code   RO          827    .ARM.Collect$$libinit$$00000013  c_w.l(libinit2.o)
    0x000002ea   0x000002ea   0x00000000   Code   RO          829    .ARM.Collect$$libinit$$00000015  c_w.l(libinit2.o)
    0x000002ea   0x000002ea   0x00000000   Code   RO          831    .ARM.Collect$$libinit$$00000017  c_w.l(libinit2.o)
    0x000002ea   0x000002ea   0x00000000   Code   RO          833    .ARM.Collect$$libinit$$00000019  c_w.l(libinit2.o)
    0x000002ea   0x000002ea   0x00000000   Code   RO          835    .ARM.Collect$$libinit$$0000001B  c_w.l(libinit2.o)
    0x000002ea   0x000002ea   0x00000000   Code   RO          837    .ARM.Collect$$libinit$$0000001D  c_w.l(libinit2.o)
    0x000002ea   0x000002ea   0x00000000   Code   RO          839    .ARM.Collect$$libinit$$0000001F  c_w.l(libinit2.o)
    0x000002ea   0x000002ea   0x00000000   Code   RO          841    .ARM.Collect$$libinit$$00000021  c_w.l(libinit2.o)
    0x000002ea   0x000002ea   0x00000000   Code   RO          843    .ARM.Collect$$libinit$$00000023  c_w.l(libinit2.o)
    0x000002ea   0x000002ea   0x00000000   Code   RO          845    .ARM.Collect$$libinit$$00000025  c_w.l(libinit2.o)
    0x000002ea   0x000002ea   0x00000000   Code   RO          847    .ARM.Collect$$libinit$$00000027  c_w.l(libinit2.o)
    0x000002ea   0x000002ea   0x00000000   Code   RO          851    .ARM.Collect$$libinit$$0000002E  c_w.l(libinit2.o)
    0x000002ea   0x000002ea   0x00000000   Code   RO          853    .ARM.Collect$$libinit$$00000030  c_w.l(libinit2.o)
    0x000002ea   0x000002ea   0x00000000   Code   RO          855    .ARM.Collect$$libinit$$00000032  c_w.l(libinit2.o)
    0x000002ea   0x000002ea   0x00000004   Code   RO          856    .ARM.Collect$$libinit$$00000033  c_w.l(libinit2.o)
    0x000002ee   0x000002ee   0x00000000   Code   RO          857    .ARM.Collect$$libinit$$00000034  c_w.l(libinit2.o)
    0x000002ee   0x000002ee   0x00000002   Code   RO          858    .ARM.Collect$$libinit$$00000035  c_w.l(libinit2.o)
    0x000002f0   0x000002f0   0x00000002   Code   RO         1067    .ARM.Collect$$libshutdown$$00000000  c_w.l(libshutdown.o)
    0x000002f2   0x000002f2   0x00000000   Code   RO         1036    .ARM.Collect$$libshutdown$$00000002  c_w.l(libshutdown2.o)
    0x000002f2   0x000002f2   0x00000000   Code   RO         1038    .ARM.Collect$$libshutdown$$00000004  c_w.l(libshutdown2.o)
    0x000002f2   0x000002f2   0x00000000   Code   RO         1041    .ARM.Collect$$libshutdown$$00000007  c_w.l(libshutdown2.o)
    0x000002f2   0x000002f2   0x00000000   Code   RO         1044    .ARM.Collect$$libshutdown$$0000000A  c_w.l(libshutdown2.o)
    0x000002f2   0x000002f2   0x00000000   Code   RO         1046    .ARM.Collect$$libshutdown$$0000000C  c_w.l(libshutdown2.o)
    0x000002f2   0x000002f2   0x00000000   Code   RO         1049    .ARM.Collect$$libshutdown$$0000000F  c_w.l(libshutdown2.o)
    0x000002f2   0x000002f2   0x00000002   Code   RO         1050    .ARM.Collect$$libshutdown$$00000010  c_w.l(libshutdown2.o)
    0x000002f4   0x000002f4   0x00000000   Code   RO          743    .ARM.Collect$$rtentry$$00000000  c_w.l(__rtentry.o)
    0x000002f4   0x000002f4   0x00000000   Code   RO          897    .ARM.Collect$$rtentry$$00000002  c_w.l(__rtentry2.o)
    0x000002f4   0x000002f4   0x00000006   Code   RO          909    .ARM.Collect$$rtentry$$00000004  c_w.l(__rtentry4.o)
    0x000002fa   0x000002fa   0x00000000   Code   RO          899    .ARM.Collect$$rtentry$$00000009  c_w.l(__rtentry2.o)
    0x000002fa   0x000002fa   0x00000004   Code   RO          900    .ARM.Collect$$rtentry$$0000000A  c_w.l(__rtentry2.o)
    0x000002fe   0x000002fe   0x00000000   Code   RO          902    .ARM.Collect$$rtentry$$0000000C  c_w.l(__rtentry2.o)
    0x000002fe   0x000002fe   0x00000008   Code   RO          903    .ARM.Collect$$rtentry$$0000000D  c_w.l(__rtentry2.o)
    0x00000306   0x00000306   0x00000002   Code   RO         1008    .ARM.Collect$$rtexit$$00000000  c_w.l(rtexit.o)
    0x00000308   0x00000308   0x00000000   Code   RO         1023    .ARM.Collect$$rtexit$$00000002  c_w.l(rtexit2.o)
    0x00000308   0x00000308   0x00000004   Code   RO         1024    .ARM.Collect$$rtexit$$00000003  c_w.l(rtexit2.o)
    0x0000030c   0x0000030c   0x00000006   Code   RO         1025    .ARM.Collect$$rtexit$$00000004  c_w.l(rtexit2.o)
    0x00000312   0x00000312   0x00000002   PAD
    0x00000314   0x00000314   0x00000128   Code   RO            4    .text               startup_tm4c123.o
    0x0000043c   0x0000043c   0x00000006   Code   RO          672    .text               c_w.l(heapauxi.o)
    0x00000442   0x00000442   0x00000002   PAD
    0x00000444   0x00000444   0x00000024   Code   RO          679    .text               c_w.l(init_aeabi.o)
    0x00000468   0x00000468   0x0000005e   Code   RO          748    .text               c_w.l(h1_alloc.o)
    0x000004c6   0x000004c6   0x0000004e   Code   RO          750    .text               c_w.l(h1_free.o)
    0x00000514   0x00000514   0x0000000c   Code   RO          890    .text               c_w.l(sys_exit.o)
    0x00000520   0x00000520   0x00000008   Code   RO          914    .text               c_w.l(rt_heap_descriptor_intlibspace.o)
    0x00000528   0x00000528   0x00000004   Code   RO          916    .text               c_w.l(hguard.o)
    0x0000052c   0x0000052c   0x0000008a   Code   RO          918    .text               c_w.l(init_alloc.o)
    0x000005b6   0x000005b6   0x0000000e   Code   RO          922    .text               c_w.l(h1_init.o)
    0x000005c4   0x000005c4   0x00000008   Code   RO          967    .text               c_w.l(libspace.o)
    0x000005cc   0x000005cc   0x00000002   Code   RO          970    .text               c_w.l(use_no_semi.o)
    0x000005ce   0x000005ce   0x00000000   Code   RO          972    .text               c_w.l(indicate_semi.o)
    0x000005ce   0x000005ce   0x0000004a   Code   RO          973    .text               c_w.l(sys_stackheap_outer.o)
    0x00000618   0x00000618   0x00000000   Code   RO          979    .text               c_w.l(maybetermalloc1.o)
    0x00000618   0x00000618   0x00000034   Code   RO          981    .text               c_w.l(h1_extend.o)
    0x0000064c   0x0000064c   0x00000012   Code   RO          985    .text               c_w.l(exit.o)
    0x0000065e   0x0000065e   0x0000000a   Code   RO          987    .text               c_w.l(defsig_exit.o)
    0x00000668   0x00000668   0x0000000e   Code   RO          991    .text               c_w.l(defsig_rtmem_outer.o)
    0x00000676   0x00000676   0x00000032   Code   RO         1014    .text               c_w.l(defsig_general.o)
    0x000006a8   0x000006a8   0x00000050   Code   RO         1016    .text               c_w.l(defsig_rtmem_inner.o)
    0x000006f8   0x000006f8   0x0000000e   Code   RO         1018    .text               c_w.l(sys_wrch.o)
    0x00000706   0x00000706   0x00000002   PAD
    0x00000708   0x00000708   0x0000010e   Code   RO          562    .text.ST7735_OutChar  st7735.o
    0x00000816   0x00000816   0x00000002   PAD
    0x00000818   0x00000818   0x00000024   Code   RO          560    .text.ST7735_OutString  st7735.o
    0x0000083c   0x0000083c   0x00000024   Code   RO           35    .text.SysTick_Handler  main.o
    0x00000860   0x00000860   0x0000001a   Code   RO          631    .text.TIMER0A_Handler  timer0.o
    0x0000087a   0x0000087a   0x00000002   PAD
    0x0000087c   0x0000087c   0x0000001c   Code   RO          647    .text.TIMER1A_Handler  timer1.o
    0x00000898   0x00000898   0x00000064   Code   RO          119    .text.TIMER2A_Handler  sound.o
    0x000008fc   0x000008fc   0x0000001c   Code   RO           27    .text.TIMER3A_Handler  main.o
    0x00000918   0x00000918   0x00000024   Code   RO          145    .text.TIMER5A_Handler  texas.o
    0x0000093c   0x0000093c   0x00000084   Code   RO          358    .text._GLOBAL__sub_I_Module.cpp  module.o
    0x000009c0   0x000009c0   0x00000008   Code   RO          653    .text._GLOBAL__sub_I_Timer1.cpp  timer1.o
    0x000009c8   0x000009c8   0x00000010   Code   RO           39    .text._GLOBAL__sub_I_main.cpp  main.o
    0x000009d8   0x000009d8   0x0000008c   Code   RO           31    .text._Z10PortF_Initv  main.o
    0x00000a64   0x00000a64   0x00000028   Code   RO          121    .text._Z10Wave_StartPKhj  sound.o
    0x00000a8c   0x00000a8c   0x00000010   Code   RO          586    .text._Z11Output_Initv  st7735.o
    0x00000a9c   0x00000a9c   0x00000014   Code   RO          469    .text._Z11Random_Initj  random.o
    0x00000ab0   0x00000ab0   0x0000008c   Code   RO          629    .text._Z11Timer0_InitPFvvEj  timer0.o
    0x00000b3c   0x00000b3c   0x0000009a   Code   RO          645    .text._Z11Timer1_InitPFvvEj  timer1.o
    0x00000bd6   0x00000bd6   0x00000002   PAD
    0x00000bd8   0x00000bd8   0x00000088   Code   RO           21    .text._Z11convertTimei  main.o
    0x00000c60   0x00000c60   0x00000070   Code   RO          554    .text._Z11fillmessagej  st7735.o
    0x00000cd0   0x00000cd0   0x000000a6   Code   RO          516    .text._Z12ST7735_InitR10initRFlags  st7735.o
    0x00000d76   0x00000d76   0x00000002   PAD
    0x00000d78   0x00000d78   0x00000042   Code   RO           33    .text._Z12SysTick_Initj  main.o
    0x00000dba   0x00000dba   0x00000002   PAD
    0x00000dbc   0x00000dbc   0x00000088   Code   RO          111    .text._Z12Timer2A_Initjj  sound.o
    0x00000e44   0x00000e44   0x00000098   Code   RO           23    .text._Z12Timer3A_InitPFvvEj  main.o
    0x00000edc   0x00000edc   0x0000004a   Code   RO          651    .text._Z12noneSelectedv  timer1.o
    0x00000f26   0x00000f26   0x00000002   PAD
    0x00000f28   0x00000f28   0x000000be   Code   RO          558    .text._Z13ST7735_OutFixj  st7735.o
    0x00000fe6   0x00000fe6   0x00000002   PAD
    0x00000fe8   0x00000fe8   0x00000010   Code   RO          113    .text._Z13Timer2A_Startv  sound.o
    0x00000ff8   0x00000ff8   0x00000014   Code   RO          125    .text._Z13Wave_Completev  sound.o
    0x0000100c   0x0000100c   0x000000a6   Code   RO          556    .text._Z14ST7735_OutUDecj  st7735.o
    0x000010b2   0x000010b2   0x00000002   PAD
    0x000010b4   0x000010b4   0x00000144   Code   RO          536    .text._Z15ST7735_FillRectsssst  st7735.o
    0x000011f8   0x000011f8   0x00000014   Code   RO          123    .text._Z15Wave_bExplosionv  sound.o
    0x0000120c   0x0000120c   0x000001b6   Code   RO          548    .text._Z16ST7735_DrawCharSsscssh  st7735.o
    0x000013c2   0x000013c2   0x00000002   PAD
    0x000013c4   0x000013c4   0x00000074   Code   RO          524    .text._Z16ST7735_DrawPixelsst  st7735.o
    0x00001438   0x00001438   0x00000036   Code   RO          512    .text._Z16ST7735_SetCursorjj  st7735.o
    0x0000146e   0x0000146e   0x00000002   PAD
    0x00001470   0x00001470   0x00000252   Code   RO          546    .text._Z17ST7735_DrawBitmapssPKtss  st7735.o
    0x000016c2   0x000016c2   0x00000002   PAD
    0x000016c4   0x000016c4   0x0000009a   Code   RO          552    .text._Z17ST7735_DrawStringttPcs  st7735.o
    0x0000175e   0x0000175e   0x00000002   PAD
    0x00001760   0x00001760   0x00000034   Code   RO          514    .text._Z17ST7735_FillScreent  st7735.o
    0x00001794   0x00001794   0x00000018   Code   RO          584    .text._Z19ST7735_SetTextColort  st7735.o
    0x000017ac   0x000017ac   0x000000cc   Code   RO          534    .text._Z20ST7735_DrawFastHLinessst  st7735.o
    0x00001878   0x00001878   0x000000cc   Code   RO          532    .text._Z20ST7735_DrawFastVLinessst  st7735.o
    0x00001944   0x00001944   0x00000024   Code   RO          566    .text._Z20ST7735_InvertDisplayi  st7735.o
    0x00001968   0x00001968   0x00000010   Code   RO          633    .text._Z5task0v     timer0.o
    0x00001978   0x00001978   0x00000a42   Code   RO          649    .text._Z5task1v     timer1.o
    0x000023ba   0x000023ba   0x00000002   PAD
    0x000023bc   0x000023bc   0x0000011a   Code   RO           29    .text._Z5task3v     main.o
    0x000024d6   0x000024d6   0x00000002   PAD
    0x000024d8   0x000024d8   0x00000046   Code   RO          485    .text._Z6ADC_Inv    slidepot.o
    0x0000251e   0x0000251e   0x00000002   PAD
    0x00002520   0x00002520   0x00000020   Code   RO          354    .text._Z6Key_Inv    module.o
    0x00002540   0x00002540   0x00000024   Code   RO          473    .text._Z6Randomv    random.o
    0x00002564   0x00002564   0x00000014   Code   RO           94    .text._Z7DAC_Outj   dac.o
    0x00002578   0x00002578   0x0000010c   Code   RO          483    .text._Z8ADC_Initv  slidepot.o
    0x00002684   0x00002684   0x00000056   Code   RO           92    .text._Z8DAC_Initv  dac.o
    0x000026da   0x000026da   0x00000002   PAD
    0x000026dc   0x000026dc   0x0000002e   Code   RO          506    .text._Z8Delay1msj  st7735.o
    0x0000270a   0x0000270a   0x00000002   PAD
    0x0000270c   0x0000270c   0x00000086   Code   RO          352    .text._Z8Key_Initv  module.o
    0x00002792   0x00002792   0x00000002   PAD
    0x00002794   0x00002794   0x0000008a   Code   RO          103    .text._Z8PLL_Initj  pll.o
    0x0000281e   0x0000281e   0x00000002   PAD
    0x00002820   0x00002820   0x00000074   Code   RO          156    .text._Z8drawRectiiiit  module.o
    0x00002894   0x00002894   0x000002bc   Code   RO           17    .text._Z9Bomb_InitPi  main.o
    0x00002b50   0x00002b50   0x00000016   Code   RO          117    .text._Z9Wave_Initv  sound.o
    0x00002b66   0x00002b66   0x00000002   PAD
    0x00002b68   0x00002b68   0x00000010   Code   RO          115    .text._Z9Wave_Stopv  sound.o
    0x00002b78   0x00002b78   0x000001a2   Code   RO          510    .text._ZL10commonInitPKh  st7735.o
    0x00002d1a   0x00002d1a   0x00000002   PAD
    0x00002d1c   0x00002d1c   0x000000aa   Code   RO          518    .text._ZL11commandListPKh  st7735.o
    0x00002dc6   0x00002dc6   0x00000002   PAD
    0x00002dc8   0x00002dc8   0x0000005a   Code   RO          520    .text._ZL12writecommandh  st7735.o
    0x00002e22   0x00002e22   0x00000002   PAD
    0x00002e24   0x00002e24   0x00000094   Code   RO          526    .text._ZL13setAddrWindowhhhh  st7735.o
    0x00002eb8   0x00002eb8   0x00000024   Code   RO          530    .text._ZL8deselectv  st7735.o
    0x00002edc   0x00002edc   0x0000001c   Code   RO          528    .text._ZL9pushColort  st7735.o
    0x00002ef8   0x00002ef8   0x0000003a   Code   RO          522    .text._ZL9writedatah  st7735.o
    0x00002f32   0x00002f32   0x00000002   PAD
    0x00002f34   0x00002f34   0x00000024   Code   RO          186    .text._ZN4Bomb10addStrikesEv  module.o
    0x00002f58   0x00002f58   0x000000ea   Code   RO          192    .text._ZN4Bomb10drawStrikeEi  module.o
    0x00003042   0x00003042   0x00000002   PAD
    0x00003044   0x00003044   0x0000000c   Code   RO          190    .text._ZN4Bomb11getSelectorEv  module.o
    0x00003050   0x00003050   0x00000010   Code   RO          172    .text._ZN4Bomb11hasExplodedEv  module.o
    0x00003060   0x00003060   0x00000074   Code   RO          180    .text._ZN4Bomb12drawSelectorEv  module.o
    0x000030d4   0x000030d4   0x0000011a   Code   RO          182    .text._ZN4Bomb12moveSelectorEi  module.o
    0x000031ee   0x000031ee   0x00000002   PAD
    0x000031f0   0x000031f0   0x00000058   Code   RO          178    .text._ZN4Bomb16drawSelectorRectEii  module.o
    0x00003248   0x00003248   0x00000024   Code   RO          174    .text._ZN4Bomb7failureEv  module.o
    0x0000326c   0x0000326c   0x00000058   Code   RO          164    .text._ZN4Bomb8isSolvedEv  module.o
    0x000032c4   0x000032c4   0x00000064   Code   RO          160    .text._ZN4BombC2EPii  module.o
    0x00003328   0x00003328   0x00000024   Code   RO          158    .text._ZN4BombC2Ev  module.o
    0x0000334c   0x0000334c   0x0000005e   Code   RO          346    .text._ZN4Math12moveSelectorEi  module.o
    0x000033aa   0x000033aa   0x00000002   PAD
    0x000033ac   0x000033ac   0x000000a2   Code   RO          344    .text._ZN4Math13drawMSelectorEv  module.o
    0x0000344e   0x0000344e   0x00000002   PAD
    0x00003450   0x00003450   0x0000031a   Code   RO          340    .text._ZN4Math15determineAnswerEv  module.o
    0x0000376a   0x0000376a   0x00000002   PAD
    0x0000376c   0x0000376c   0x00000288   Code   RO          342    .text._ZN4Math4DrawEi  module.o
    0x000039f4   0x000039f4   0x00000032   Code   RO          348    .text._ZN4Math5checkEi  module.o
    0x00003a26   0x00003a26   0x00000002   PAD
    0x00003a28   0x00003a28   0x0000005e   Code   RO          350    .text._ZN4Math6selectEv  module.o
    0x00003a86   0x00003a86   0x00000002   PAD
    0x00003a88   0x00003a88   0x000000e2   Code   RO          338    .text._ZN4MathC2Ei  module.o
    0x00003b6a   0x00003b6a   0x00000002   PAD
    0x00003b6c   0x00003b6c   0x0000003e   Code   RO          214    .text._ZN5Timer13DrawTimerRectEii  module.o
    0x00003baa   0x00003baa   0x00000002   PAD
    0x00003bac   0x00003bac   0x000000ae   Code   RO          216    .text._ZN5Timer4DrawEi  module.o
    0x00003c5a   0x00003c5a   0x00000002   PAD
    0x00003c5c   0x00003c5c   0x0000000c   Code   RO          220    .text._ZN5Timer6getlocEv  module.o
    0x00003c68   0x00003c68   0x00000054   Code   RO          218    .text._ZN5Timer7outTimeEPc  module.o
    0x00003cbc   0x00003cbc   0x0000002c   Code   RO          212    .text._ZN5TimerC2Ei  module.o
    0x00003ce8   0x00003ce8   0x00000082   Code   RO          228    .text._ZN5Wires11drawCutWireEv  module.o
    0x00003d6a   0x00003d6a   0x00000002   PAD
    0x00003d6c   0x00003d6c   0x0000004c   Code   RO          234    .text._ZN5Wires11lastIndexOfEi  module.o
    0x00003db8   0x00003db8   0x000000f8   Code   RO          236    .text._ZN5Wires12moveSelectorEi  module.o
    0x00003eb0   0x00003eb0   0x000000ec   Code   RO          230    .text._ZN5Wires13drawWSelectorEv  module.o
    0x00003f9c   0x00003f9c   0x0000027c   Code   RO          224    .text._ZN5Wires15determineAnswerEv  module.o
    0x00004218   0x00004218   0x00000092   Code   RO          244    .text._ZN5Wires3cutEv  module.o
    0x000042aa   0x000042aa   0x00000002   PAD
    0x000042ac   0x000042ac   0x00000268   Code   RO          226    .text._ZN5Wires4DrawEi  module.o
    0x00004514   0x00004514   0x00000032   Code   RO          242    .text._ZN5Wires5checkEi  module.o
    0x00004546   0x00004546   0x00000002   PAD
    0x00004548   0x00004548   0x0000004e   Code   RO          232    .text._ZN5Wires7indexOfEi  module.o
    0x00004596   0x00004596   0x00000002   PAD
    0x00004598   0x00004598   0x00000096   Code   RO          222    .text._ZN5WiresC2Ei  module.o
    0x0000462e   0x0000462e   0x00000002   PAD
    0x00004630   0x00004630   0x0000000c   Code   RO          250    .text._ZN6Button11getLocationEv  module.o
    0x0000463c   0x0000463c   0x000000ce   Code   RO          252    .text._ZN6Button15determineAnswerEv  module.o
    0x0000470a   0x0000470a   0x00000002   PAD
    0x0000470c   0x0000470c   0x000000b0   Code   RO          248    .text._ZN6Button4DrawEi  module.o
    0x000047bc   0x000047bc   0x00000074   Code   RO          246    .text._ZN6ButtonC2Ei  module.o
    0x00004830   0x00004830   0x00000134   Code   RO          200    .text._ZN6Module10drawModuleEi  module.o
    0x00004964   0x00004964   0x000000ca   Code   RO          208    .text._ZN6Module10drawSolvedEi  module.o
    0x00004a2e   0x00004a2e   0x00000002   PAD
    0x00004a30   0x00004a30   0x0000002a   Code   RO          202    .text._ZN6Module12selectModuleEv  module.o
    0x00004a5a   0x00004a5a   0x00000002   PAD
    0x00004a5c   0x00004a5c   0x00000020   Code   RO          204    .text._ZN6Module14deselectModuleEv  module.o
    0x00004a7c   0x00004a7c   0x0000007a   Code   RO          206    .text._ZN6Module15drawEmptyModuleEi  module.o
    0x00004af6   0x00004af6   0x00000002   PAD
    0x00004af8   0x00004af8   0x00000014   Code   RO          198    .text._ZN6Module4DrawEi  module.o
    0x00004b0c   0x00004b0c   0x0000000a   Code   RO          210    .text._ZN6Module7outTimeEPc  module.o
    0x00004b16   0x00004b16   0x00000002   PAD
    0x00004b18   0x00004b18   0x0000003c   Code   RO          196    .text._ZN6ModuleC2Eb  module.o
    0x00004b54   0x00004b54   0x00000030   Code   RO          194    .text._ZN6ModuleC2Ev  module.o
    0x00004b84   0x00004b84   0x00000016   Code   RO          487    .text._ZN8SlidePotC2Ejj  slidepot.o
    0x00004b9a   0x00004b9a   0x00000002   PAD
    0x00004b9c   0x00004b9c   0x00000036   Code   RO          262    .text._ZN9MorseCode3dotEv  module.o
    0x00004bd2   0x00004bd2   0x00000002   PAD
    0x00004bd4   0x00004bd4   0x00000086   Code   RO          256    .text._ZN9MorseCode4DrawEi  module.o
    0x00004c5a   0x00004c5a   0x00000002   PAD
    0x00004c5c   0x00004c5c   0x00000036   Code   RO          264    .text._ZN9MorseCode4dashEv  module.o
    0x00004c92   0x00004c92   0x00000002   PAD
    0x00004c94   0x00004c94   0x00000078   Code   RO          272    .text._ZN9MorseCode5checkEv  module.o
    0x00004d0c   0x00004d0c   0x00000012   Code   RO          266    .text._ZN9MorseCode5spaceEv  module.o
    0x00004d1e   0x00004d1e   0x00000002   PAD
    0x00004d20   0x00004d20   0x0000006c   Code   RO          258    .text._ZN9MorseCode7outFreqEv  module.o
    0x00004d8c   0x00004d8c   0x00000010   Code   RO          270    .text._ZN9MorseCode7setFreqEi  module.o
    0x00004d9c   0x00004d9c   0x00000070   Code   RO          260    .text._ZN9MorseCode8flashLEDEv  module.o
    0x00004e0c   0x00004e0c   0x00000074   Code   RO          254    .text._ZN9MorseCodeC2Ei  module.o
    0x00004e80   0x00004e80   0x0000000c   Code   RO          887    .text._ZSt15get_new_handlerv  libcppabi_w.l(cxa_handlers.cpp.o)
    0x00004e8c   0x00004e8c   0x00000004   Code   RO          715    .text._ZdaPv        libcpp_w.l(new.cpp.o)
    0x00004e90   0x00004e90   0x00000004   Code   RO          709    .text._ZdlPv        libcpp_w.l(new.cpp.o)
    0x00004e94   0x00004e94   0x00000004   Code   RO          705    .text._Znaj         libcpp_w.l(new.cpp.o)
    0x00004e98   0x00004e98   0x00000026   Code   RO          701    .text._Znwj         libcpp_w.l(new.cpp.o)
    0x00004ebe   0x00004ebe   0x00000002   PAD
    0x00004ec0   0x00004ec0   0x00000016   Code   RO           11    .text.__cxx_global_var_init  main.o
    0x00004ed6   0x00004ed6   0x00000002   PAD
    0x00004ed8   0x00004ed8   0x0000001e   Code   RO          274    .text.__cxx_global_var_init  module.o
    0x00004ef6   0x00004ef6   0x00000002   PAD
    0x00004ef8   0x00004ef8   0x0000001a   Code   RO          643    .text.__cxx_global_var_init  timer1.o
    0x00004f12   0x00004f12   0x00000002   PAD
    0x00004f14   0x00004f14   0x0000001a   Code   RO           13    .text.__cxx_global_var_init.1  main.o
    0x00004f2e   0x00004f2e   0x00000002   PAD
    0x00004f30   0x00004f30   0x000001b6   Code   RO           15    .text.__cxx_global_var_init.2  main.o
    0x000050e6   0x000050e6   0x00000002   PAD
    0x000050e8   0x000050e8   0x00000020   Code   RO          276    .text.__cxx_global_var_init.21  module.o
    0x00005108   0x00005108   0x0000001e   Code   RO          278    .text.__cxx_global_var_init.22  module.o
    0x00005126   0x00005126   0x00000002   PAD
    0x00005128   0x00005128   0x0000001e   Code   RO          280    .text.__cxx_global_var_init.23  module.o
    0x00005146   0x00005146   0x00000002   PAD
    0x00005148   0x00005148   0x0000001e   Code   RO          282    .text.__cxx_global_var_init.24  module.o
    0x00005166   0x00005166   0x00000002   PAD
    0x00005168   0x00005168   0x0000001e   Code   RO          284    .text.__cxx_global_var_init.25  module.o
    0x00005186   0x00005186   0x00000002   PAD
    0x00005188   0x00005188   0x0000001e   Code   RO          286    .text.__cxx_global_var_init.26  module.o
    0x000051a6   0x000051a6   0x00000002   PAD
    0x000051a8   0x000051a8   0x0000001e   Code   RO          288    .text.__cxx_global_var_init.27  module.o
    0x000051c6   0x000051c6   0x00000002   PAD
    0x000051c8   0x000051c8   0x0000001e   Code   RO          290    .text.__cxx_global_var_init.28  module.o
    0x000051e6   0x000051e6   0x00000002   PAD
    0x000051e8   0x000051e8   0x00000020   Code   RO          292    .text.__cxx_global_var_init.29  module.o
    0x00005208   0x00005208   0x0000001e   Code   RO          294    .text.__cxx_global_var_init.30  module.o
    0x00005226   0x00005226   0x00000002   PAD
    0x00005228   0x00005228   0x00000020   Code   RO          296    .text.__cxx_global_var_init.31  module.o
    0x00005248   0x00005248   0x0000001e   Code   RO          298    .text.__cxx_global_var_init.32  module.o
    0x00005266   0x00005266   0x00000002   PAD
    0x00005268   0x00005268   0x0000001e   Code   RO          300    .text.__cxx_global_var_init.33  module.o
    0x00005286   0x00005286   0x00000002   PAD
    0x00005288   0x00005288   0x00000020   Code   RO          302    .text.__cxx_global_var_init.34  module.o
    0x000052a8   0x000052a8   0x00000020   Code   RO          304    .text.__cxx_global_var_init.35  module.o
    0x000052c8   0x000052c8   0x00000020   Code   RO          306    .text.__cxx_global_var_init.36  module.o
    0x000052e8   0x000052e8   0x0000001e   Code   RO          308    .text.__cxx_global_var_init.37  module.o
    0x00005306   0x00005306   0x00000002   PAD
    0x00005308   0x00005308   0x0000001e   Code   RO          310    .text.__cxx_global_var_init.38  module.o
    0x00005326   0x00005326   0x00000002   PAD
    0x00005328   0x00005328   0x0000001e   Code   RO          312    .text.__cxx_global_var_init.39  module.o
    0x00005346   0x00005346   0x00000002   PAD
    0x00005348   0x00005348   0x00000020   Code   RO          314    .text.__cxx_global_var_init.40  module.o
    0x00005368   0x00005368   0x00000020   Code   RO          316    .text.__cxx_global_var_init.41  module.o
    0x00005388   0x00005388   0x0000001e   Code   RO          318    .text.__cxx_global_var_init.42  module.o
    0x000053a6   0x000053a6   0x00000002   PAD
    0x000053a8   0x000053a8   0x0000001e   Code   RO          320    .text.__cxx_global_var_init.43  module.o
    0x000053c6   0x000053c6   0x00000002   PAD
    0x000053c8   0x000053c8   0x0000001e   Code   RO          322    .text.__cxx_global_var_init.44  module.o
    0x000053e6   0x000053e6   0x00000002   PAD
    0x000053e8   0x000053e8   0x0000001c   Code   RO          324    .text.__cxx_global_var_init.45  module.o
    0x00005404   0x00005404   0x0000001e   Code   RO          326    .text.__cxx_global_var_init.46  module.o
    0x00005422   0x00005422   0x00000002   PAD
    0x00005424   0x00005424   0x00000026   Code   RO          328    .text.__cxx_global_var_init.47  module.o
    0x0000544a   0x0000544a   0x00000002   PAD
    0x0000544c   0x0000544c   0x000002b8   Code   RO          330    .text.__cxx_global_var_init.48  module.o
    0x00005704   0x00005704   0x000000e8   Code   RO          332    .text.__cxx_global_var_init.49  module.o
    0x000057ec   0x000057ec   0x0000005a   Code   RO          334    .text.__cxx_global_var_init.50  module.o
    0x00005846   0x00005846   0x00000002   PAD
    0x00005848   0x00005848   0x0000023a   Code   RO          336    .text.__cxx_global_var_init.51  module.o
    0x00005a82   0x00005a82   0x00000002   PAD
    0x00005a84   0x00005a84   0x0000077c   Code   RO           37    .text.main          main.o
    0x00006200   0x00006200   0x000000c4   Code   RO          682    x$fpl$fadd          fz_ws.l(faddsub_clz.o)
    0x000062c4   0x000062c4   0x00000054   Code   RO          688    x$fpl$fcmp          fz_ws.l(fcmp.o)
    0x00006318   0x00006318   0x00000018   Code   RO          944    x$fpl$fcmpinf       fz_ws.l(fcmpi.o)
    0x00006330   0x00006330   0x00000068   Code   RO          863    x$fpl$feqf          fz_ws.l(feqf.o)
    0x00006398   0x00006398   0x00000026   Code   RO          690    x$fpl$ffltu         fz_ws.l(fflt_clz.o)
    0x000063be   0x000063be   0x00000002   PAD
    0x000063c0   0x000063c0   0x00000068   Code   RO          865    x$fpl$fgeqf         fz_ws.l(fgeqf.o)
    0x00006428   0x00006428   0x00000068   Code   RO          867    x$fpl$fleqf         fz_ws.l(fleqf.o)
    0x00006490   0x00006490   0x00000102   Code   RO          696    x$fpl$fmul          fz_ws.l(fmul.o)
    0x00006592   0x00006592   0x0000008c   Code   RO          869    x$fpl$fnaninf       fz_ws.l(fnaninf.o)
    0x0000661e   0x0000661e   0x0000000a   Code   RO          871    x$fpl$fretinf       fz_ws.l(fretinf.o)
    0x00006628   0x00006628   0x000000ea   Code   RO          684    x$fpl$fsub          fz_ws.l(faddsub_clz.o)
    0x00006712   0x00006712   0x00000000   Code   RO          873    x$fpl$usenofp       fz_ws.l(usenofp.o)
    0x00006712   0x00006712   0x0000000d   Data   RO          601    .rodata._ZL10Rcmd2green  st7735.o
    0x0000671f   0x0000671f   0x00001928   Data   RO          130    .rodata._ZL10bExplosion  sound.o
    0x00008047   0x00008047   0x00000001   PAD
    0x00008048   0x00008048   0x00000c80   Data   RO          401    .rodata._ZL10blue_abort  module.o
    0x00008cc8   0x00008cc8   0x00000c80   Data   RO          405    .rodata._ZL10blue_press  module.o
    0x00009948   0x00009948   0x00000800   Data   RO           63    .rodata._ZL10explosion1  main.o
    0x0000a148   0x0000a148   0x00000800   Data   RO           64    .rodata._ZL10explosion2  main.o
    0x0000a948   0x0000a948   0x00000800   Data   RO           65    .rodata._ZL10explosion3  main.o
    0x0000b148   0x0000b148   0x00000800   Data   RO           66    .rodata._ZL10explosion4  main.o
    0x0000b948   0x0000b948   0x00000800   Data   RO           67    .rodata._ZL10explosion5  main.o
    0x0000c148   0x0000c148   0x00000800   Data   RO           82    .rodata._ZL10explosion6  main.o
    0x0000c948   0x0000c948   0x00000c80   Data   RO          412    .rodata._ZL10white_hold  module.o
    0x0000d5c8   0x0000d5c8   0x00000c80   Data   RO          415    .rodata._ZL10white_stop  module.o
    0x0000e248   0x0000e248   0x00000708   Data   RO          398    .rodata._ZL11emptymodule  module.o
    0x0000e950   0x0000e950   0x00000028   Data   RO          426    .rodata._ZL11frequencies  module.o
    0x0000e978   0x0000e978   0x00000c80   Data   RO          411    .rodata._ZL11white_abort  module.o
    0x0000f5f8   0x0000f5f8   0x00000c80   Data   RO          414    .rodata._ZL11white_press  module.o
    0x00010278   0x00010278   0x00000c80   Data   RO          417    .rodata._ZL11yellow_hold  module.o
    0x00010ef8   0x00010ef8   0x00000c80   Data   RO          420    .rodata._ZL11yellow_stop  module.o
    0x00011b78   0x00011b78   0x00000032   Data   RO          397    .rodata._ZL12solved_light  module.o
    0x00011baa   0x00011baa   0x00000c80   Data   RO          419    .rodata._ZL12yellow_press  module.o
    0x0001282a   0x0001282a   0x00000c80   Data   RO          416    .rodata._ZL13yellow_bumper  module.o
    0x000134aa   0x000134aa   0x00000032   Data   RO          396    .rodata._ZL14unsolved_light  module.o
    0x000134dc   0x000134dc   0x000004fb   Data   RO          611    .rodata._ZL4Font    st7735.o
    0x000139d7   0x000139d7   0x0000003b   Data   RO          600    .rodata._ZL5Rcmd1   st7735.o
    0x00013a12   0x00013a12   0x0000002b   Data   RO          605    .rodata._ZL5Rcmd3   st7735.o
    0x00013a3d   0x00013a3d   0x00000001   PAD
    0x00013a3e   0x00013a3e   0x000022b0   Data   RO           80    .rodata._ZL5title   main.o
    0x00015cee   0x00015cee   0x00000002   PAD
    0x00015cf0   0x00015cf0   0x00000050   Data   RO          423    .rodata._ZL6colors  module.o
    0x00015d40   0x00015d40   0x00000152   Data   RO          360    .rodata._ZL6image1  module.o
    0x00015e92   0x00015e92   0x00000152   Data   RO          361    .rodata._ZL6image2  module.o
    0x00015fe4   0x00015fe4   0x00000152   Data   RO          362    .rodata._ZL6image3  module.o
    0x00016136   0x00016136   0x00000152   Data   RO          363    .rodata._ZL6image4  module.o
    0x00016288   0x00016288   0x00000152   Data   RO          364    .rodata._ZL6image5  module.o
    0x000163da   0x000163da   0x00000152   Data   RO          365    .rodata._ZL6image6  module.o
    0x0001652c   0x0001652c   0x00000152   Data   RO          366    .rodata._ZL6image7  module.o
    0x0001667e   0x0001667e   0x00000152   Data   RO          367    .rodata._ZL6image8  module.o
    0x000167d0   0x000167d0   0x00000152   Data   RO          368    .rodata._ZL6image9  module.o
    0x00016922   0x00016922   0x00000c80   Data   RO          408    .rodata._ZL6red_no  module.o
    0x000175a2   0x000175a2   0x0000008c   Data   RO          392    .rodata._ZL6strike  module.o
    0x0001762e   0x0001762e   0x00000002   PAD
    0x00017630   0x00017630   0x00000034   Data   RO          394    .rodata._ZL6xCords  module.o
    0x00017664   0x00017664   0x00000034   Data   RO          395    .rodata._ZL6yCords  module.o
    0x00017698   0x00017698   0x00000c80   Data   RO          403    .rodata._ZL7blue_no  module.o
    0x00018318   0x00018318   0x00000152   Data   RO          369    .rodata._ZL7image10  module.o
    0x0001846a   0x0001846a   0x00000152   Data   RO          370    .rodata._ZL7image11  module.o
    0x000185bc   0x000185bc   0x00000152   Data   RO          371    .rodata._ZL7image12  module.o
    0x0001870e   0x0001870e   0x00000152   Data   RO          372    .rodata._ZL7image13  module.o
    0x00018860   0x00018860   0x00000152   Data   RO          373    .rodata._ZL7image14  module.o
    0x000189b2   0x000189b2   0x00000152   Data   RO          374    .rodata._ZL7image15  module.o
    0x00018b04   0x00018b04   0x00000152   Data   RO          375    .rodata._ZL7image16  module.o
    0x00018c56   0x00018c56   0x00000152   Data   RO          376    .rodata._ZL7image17  module.o
    0x00018da8   0x00018da8   0x00000152   Data   RO          377    .rodata._ZL7image18  module.o
    0x00018efa   0x00018efa   0x00000152   Data   RO          378    .rodata._ZL7image19  module.o
    0x0001904c   0x0001904c   0x00000152   Data   RO          379    .rodata._ZL7image20  module.o
    0x0001919e   0x0001919e   0x00000152   Data   RO          380    .rodata._ZL7image21  module.o
    0x000192f0   0x000192f0   0x00000152   Data   RO          381    .rodata._ZL7image22  module.o
    0x00019442   0x00019442   0x00000152   Data   RO          382    .rodata._ZL7image23  module.o
    0x00019594   0x00019594   0x00000152   Data   RO          383    .rodata._ZL7image24  module.o
    0x000196e6   0x000196e6   0x00000152   Data   RO          384    .rodata._ZL7image25  module.o
    0x00019838   0x00019838   0x00000152   Data   RO          385    .rodata._ZL7image26  module.o
    0x0001998a   0x0001998a   0x00000152   Data   RO          386    .rodata._ZL7image27  module.o
    0x00019adc   0x00019adc   0x00000152   Data   RO          387    .rodata._ZL7image28  module.o
    0x00019c2e   0x00019c2e   0x00000002   PAD
    0x00019c30   0x00019c30   0x00000050   Data   RO          424    .rodata._ZL7phrases  module.o
    0x00019c80   0x00019c80   0x0000409a   Data   RO          131    .rodata._ZL8Complete  sound.o
    0x0001dd1a   0x0001dd1a   0x0000000d   Data   RO          604    .rodata._ZL8Rcmd2red  st7735.o
    0x0001dd27   0x0001dd27   0x00000001   PAD
    0x0001dd28   0x0001dd28   0x00000c80   Data   RO          407    .rodata._ZL8red_hold  module.o
    0x0001e9a8   0x0001e9a8   0x00000c80   Data   RO          409    .rodata._ZL8red_stop  module.o
    0x0001f628   0x0001f628   0x00000c80   Data   RO          413    .rodata._ZL8white_no  module.o
    0x000202a8   0x000202a8   0x00000c80   Data   RO          402    .rodata._ZL9blue_hold  module.o
    0x00020f28   0x00020f28   0x00000c80   Data   RO          404    .rodata._ZL9blue_stop  module.o
    0x00021ba8   0x00021ba8   0x00000c80   Data   RO          406    .rodata._ZL9red_abort  module.o
    0x00022828   0x00022828   0x00000c80   Data   RO          410    .rodata._ZL9red_press  module.o
    0x000234a8   0x000234a8   0x00000c80   Data   RO          418    .rodata._ZL9yellow_no  module.o
    0x00024128   0x00024128   0x00000010   Data   RO          460    .rodata._ZTV4Math   module.o
    0x00024138   0x00024138   0x00000010   Data   RO          399    .rodata._ZTV5Timer  module.o
    0x00024148   0x00024148   0x00000010   Data   RO          400    .rodata._ZTV5Wires  module.o
    0x00024158   0x00024158   0x00000010   Data   RO          422    .rodata._ZTV6Button  module.o
    0x00024168   0x00024168   0x00000010   Data   RO          393    .rodata._ZTV6Module  module.o
    0x00024178   0x00024178   0x00000010   Data   RO          425    .rodata._ZTV9MorseCode  module.o
    0x00024188   0x00024188   0x0000006c   Data   RO           81    .rodata.str1.1      main.o
    0x000241f4   0x000241f4   0x00000111   Data   RO          389    .rodata.str1.1      module.o
    0x00024305   0x00024305   0x0000001c   Data   RO          614    .rodata.str1.1      st7735.o
    0x00024321   0x00024321   0x00000003   PAD
    0x00024324   0x00024324   0x00000020   Data   RO         1069    Region$$Table       anon$$obj.o
    0x00024344   0x00024344   0x00000004   Data   RO           83    .init_array         main.o
    0x00024348   0x00024344   0x00000004   Data   RO          461    .init_array         module.o
    0x0002434c   0x00024344   0x00000004   Data   RO          663    .init_array         timer1.o
    0x00024350   0x00024344   0x00000000   Data   RO          677    .init_array         c_w.l(init_aeabi.o)


    Execution Region RW_IRAM1 (Exec base: 0x20000000, Load base: 0x00024350, Size: 0x00000fc8, Max: 0x00008000, ABSOLUTE)

    Exec Addr    Load Addr    Size         Type   Attr      Idx    E Section Name        Object

    0x20000000   0x00024350   0x00000004   Data   RW           75    .data.ADCint        main.o
    0x20000004   0x00024354   0x00000002   Data   RW          598    .data.StTextColor   st7735.o
    0x20000006   0x00024356   0x00000002   Data   RW          607    .data._ZL6_width    st7735.o
    0x20000008   0x00024358   0x00000002   Data   RW          608    .data._ZL7_height   st7735.o
    0x2000000a   0x0002435a   0x00000002   PAD
    0x2000000c   0x0002435c   0x00000004   Data   RW           70    .data.anim          main.o
    0x20000010   0x00024360   0x00000050   Data   RW          421    .data.buttons       module.o
    0x20000060   0x000243b0   0x00000018   Data   RW           68    .data.explosion     main.o
    0x20000078   0x000243c8   0x00000074   Data   RW          388    .data.math_images   module.o
    0x200000ec   0x0002443c   0x00000028   Data   RW          390    .data.morse         module.o
    0x20000114   0x00024464   0x0000000c   Data   RW          659    .data.presses       timer1.o
    0x20000120   0x00024470   0x00000001   Data   RW           56    .data.selectormoved  main.o
    0x20000121   0x00024471   0x00000003   PAD
    0x20000124   0x00024474   0x00000030   Data   RW           42    .data.setUp         main.o
    0x20000154   0x000244a4   0x00000028   Data   RW          391    .data.words         module.o
    0x2000017c   0x000244cc   0x00000004   PAD
    0x20000180        -       0x00000060   Zero   RW          968    .bss                c_w.l(libspace.o)
    0x200001e0        -       0x00000001   Zero   RW           79    .bss.ADCFlag        main.o
    0x200001e1   0x000244cc   0x00000003   PAD
    0x200001e4        -       0x00000058   Zero   RW           76    .bss.ADCinterval    main.o
    0x2000023c        -       0x0000000c   Zero   RW          612    .bss.Message        st7735.o
    0x20000248        -       0x00000004   Zero   RW          613    .bss.Messageindex   st7735.o
    0x2000024c        -       0x00000004   Zero   RW          635    .bss.PeriodicTask0  timer0.o
    0x20000250        -       0x00000004   Zero   RW          655    .bss.PeriodicTask1  timer1.o
    0x20000254        -       0x00000004   Zero   RW           62    .bss.PeriodicTask3  main.o
    0x20000258        -       0x00000004   Zero   RW          596    .bss.StX            st7735.o
    0x2000025c        -       0x00000004   Zero   RW          597    .bss.StY            st7735.o
    0x20000260        -       0x00000004   Zero   RW          475    .bss._ZL1M          random.o
    0x20000264        -       0x00000001   Zero   RW          602    .bss._ZL8ColStart   st7735.o
    0x20000265        -       0x00000001   Zero   RW          603    .bss._ZL8RowStart   st7735.o
    0x20000266        -       0x00000001   Zero   RW          606    .bss._ZL8TabColor   st7735.o
    0x20000267   0x000244cc   0x00000001   PAD
    0x20000268        -       0x00000004   Zero   RW          961    .bss.__cxa_new_handler  libcppabi_w.l(cxa_default_handlers.cpp.o)
    0x2000026c        -       0x00000004   Zero   RW          662    .bss.answer         timer1.o
    0x20000270        -       0x0000002c   Zero   RW           46    .bss.b              main.o
    0x2000029c        -       0x00000004   Zero   RW           52    .bss.b1             main.o
    0x200002a0        -       0x00000004   Zero   RW           53    .bss.b2             main.o
    0x200002a4        -       0x00000004   Zero   RW           73    .bss.data           main.o
    0x200002a8        -       0x00000004   Zero   RW          129    .bss.i              sound.o
    0x200002ac        -       0x0000000c   Zero   RW          427    .bss.img1           module.o
    0x200002b8        -       0x0000000c   Zero   RW          436    .bss.img10          module.o
    0x200002c4        -       0x0000000c   Zero   RW          437    .bss.img11          module.o
    0x200002d0        -       0x0000000c   Zero   RW          438    .bss.img12          module.o
    0x200002dc        -       0x0000000c   Zero   RW          439    .bss.img13          module.o
    0x200002e8        -       0x0000000c   Zero   RW          440    .bss.img14          module.o
    0x200002f4        -       0x0000000c   Zero   RW          441    .bss.img15          module.o
    0x20000300        -       0x0000000c   Zero   RW          442    .bss.img16          module.o
    0x2000030c        -       0x0000000c   Zero   RW          443    .bss.img17          module.o
    0x20000318        -       0x0000000c   Zero   RW          444    .bss.img18          module.o
    0x20000324        -       0x0000000c   Zero   RW          445    .bss.img19          module.o
    0x20000330        -       0x0000000c   Zero   RW          428    .bss.img2           module.o
    0x2000033c        -       0x0000000c   Zero   RW          446    .bss.img20          module.o
    0x20000348        -       0x0000000c   Zero   RW          447    .bss.img21          module.o
    0x20000354        -       0x0000000c   Zero   RW          448    .bss.img22          module.o
    0x20000360        -       0x0000000c   Zero   RW          449    .bss.img23          module.o
    0x2000036c        -       0x0000000c   Zero   RW          450    .bss.img24          module.o
    0x20000378        -       0x0000000c   Zero   RW          451    .bss.img25          module.o
    0x20000384        -       0x0000000c   Zero   RW          452    .bss.img26          module.o
    0x20000390        -       0x0000000c   Zero   RW          453    .bss.img27          module.o
    0x2000039c        -       0x0000000c   Zero   RW          454    .bss.img28          module.o
    0x200003a8        -       0x0000000c   Zero   RW          429    .bss.img3           module.o
    0x200003b4        -       0x0000000c   Zero   RW          430    .bss.img4           module.o
    0x200003c0        -       0x0000000c   Zero   RW          431    .bss.img5           module.o
    0x200003cc        -       0x0000000c   Zero   RW          432    .bss.img6           module.o
    0x200003d8        -       0x0000000c   Zero   RW          433    .bss.img7           module.o
    0x200003e4        -       0x0000000c   Zero   RW          434    .bss.img8           module.o
    0x200003f0        -       0x0000000c   Zero   RW          435    .bss.img9           module.o
    0x200003fc        -       0x0000015c   Zero   RW          455    .bss.imgarray       module.o
    0x20000558        -       0x00000084   Zero   RW          457    .bss.imgdigits      module.o
    0x200005dc        -       0x00000030   Zero   RW          458    .bss.imgops         module.o
    0x2000060c        -       0x00000120   Zero   RW          459    .bss.imgposs        module.o
    0x2000072c        -       0x00000004   Zero   RW           69    .bss.language       main.o
    0x20000730        -       0x00000004   Zero   RW           50    .bss.m1             main.o
    0x20000734        -       0x00000004   Zero   RW           51    .bss.m2             main.o
    0x20000738        -       0x00000004   Zero   RW           54    .bss.mc1            main.o
    0x2000073c        -       0x00000004   Zero   RW           55    .bss.mc2            main.o
    0x20000740        -       0x00000030   Zero   RW           43    .bss.modules        main.o
    0x20000770        -       0x00000014   Zero   RW           41    .bss.my             main.o
    0x20000784        -       0x00000004   Zero   RW           60    .bss.num_MorseCode  main.o
    0x20000788        -       0x00000004   Zero   RW           59    .bss.num_button     main.o
    0x2000078c        -       0x00000004   Zero   RW           58    .bss.num_math       main.o
    0x20000790        -       0x00000004   Zero   RW           57    .bss.num_wires      main.o
    0x20000794        -       0x00000001   Zero   RW          660    .bss.onetime        timer1.o
    0x20000795   0x000244cc   0x00000003   PAD
    0x20000798        -       0x00000004   Zero   RW          657    .bss.pressed        timer1.o
    0x2000079c        -       0x00000004   Zero   RW          656    .bss.prev_sel       timer1.o
    0x200007a0        -       0x00000004   Zero   RW           71    .bss.screen         main.o
    0x200007a4        -       0x00000001   Zero   RW           47    .bss.selectorclicked  main.o
    0x200007a5   0x000244cc   0x00000003   PAD
    0x200007a8        -       0x00000004   Zero   RW           44    .bss.t              main.o
    0x200007ac        -       0x00000001   Zero   RW          661    .bss.tentime        timer1.o
    0x200007ad   0x000244cc   0x00000003   PAD
    0x200007b0        -       0x00000004   Zero   RW           61    .bss.timer_location  main.o
    0x200007b4        -       0x00000004   Zero   RW           48    .bss.w1             main.o
    0x200007b8        -       0x00000004   Zero   RW           49    .bss.w2             main.o
    0x200007bc        -       0x00000004   Zero   RW          658    .bss.waited         timer1.o
    0x200007c0        -       0x00000004   Zero   RW          127    .bss.wav            sound.o
    0x200007c4        -       0x00000004   Zero   RW          128    .bss.wavLen         sound.o
    0x200007c8        -       0x00000400   Zero   RW            2    HEAP                startup_tm4c123.o
    0x20000bc8        -       0x00000400   Zero   RW            1    STACK               startup_tm4c123.o


==============================================================================

Image component sizes


      Code (inc. data)   RO Data    RW Data    ZI Data      Debug   Object Name

       106          0          0          0          0       1659   dac.o
      3958         12      21280         81        274       7215   main.o
     10804         56      76181        276       1152      26227   module.o
       138          0          0          0          0       1554   pll.o
        56          0          0          0          4       1787   random.o
       360          0          0          0          0       3019   slidepot.o
       370          0      22978          0         12       2787   sound.o
      4150          0       1431          6         27      14514   st7735.o
       296         22        620          0       2048       5584   startup_tm4c123.o
        36          0          0          0          0       2153   texas.o
       182          0          0          0          4       1883   timer0.o
      2916         40          4         12         22       3888   timer1.o

    ----------------------------------------------------------------------
     23520        130     122538        380       3560      72270   Object Totals
         0          0         32          0          0          0   (incl. Generated)
       148          0         12          5         17          0   (incl. Padding)

    ----------------------------------------------------------------------

      Code (inc. data)   RO Data    RW Data    ZI Data      Debug   Library Member Name

         8          0          0          0          0         68   __main.o
         0          0          0          0          0          0   __rtentry.o
        12          0          0          0          0          0   __rtentry2.o
         6          0          0          0          0          0   __rtentry4.o
        52          8          0          0          0          0   __scatter.o
        26          0          0          0          0          0   __scatter_copy.o
        28          0          0          0          0          0   __scatter_zi.o
        10          0          0          0          0         68   defsig_exit.o
        50          0          0          0          0         88   defsig_general.o
        80         58          0          0          0         76   defsig_rtmem_inner.o
        14          0          0          0          0         80   defsig_rtmem_outer.o
        18          0          0          0          0         80   exit.o
        94          0          0          0          0         80   h1_alloc.o
        52          0          0          0          0         68   h1_extend.o
        78          0          0          0          0         80   h1_free.o
        14          0          0          0          0         84   h1_init.o
         6          0          0          0          0        152   heapauxi.o
         4          0          0          0          0        136   hguard.o
         0          0          0          0          0          0   indicate_semi.o
        36          8          0          0          0         80   init_aeabi.o
       138          0          0          0          0        168   init_alloc.o
         2          0          0          0          0          0   libinit.o
        14          0          0          0          0          0   libinit2.o
         2          0          0          0          0          0   libshutdown.o
         2          0          0          0          0          0   libshutdown2.o
         8          4          0          0         96         68   libspace.o
         0          0          0          0          0          0   maybetermalloc1.o
         8          4          0          0          0         68   rt_heap_descriptor_intlibspace.o
         2          0          0          0          0          0   rtexit.o
        10          0          0          0          0          0   rtexit2.o
        12          4          0          0          0         68   sys_exit.o
        74          0          0          0          0         80   sys_stackheap_outer.o
        14          0          0          0          0         76   sys_wrch.o
         2          0          0          0          0         68   use_no_semi.o
       430          8          0          0          0        168   faddsub_clz.o
        84          0          0          0          0        196   fcmp.o
        24          0          0          0          0         68   fcmpi.o
       104          4          0          0          0         84   feqf.o
        38          0          0          0          0         68   fflt_clz.o
       104          4          0          0          0         84   fgeqf.o
       104          4          0          0          0         84   fleqf.o
       258          4          0          0          0         84   fmul.o
       140          4          0          0          0         84   fnaninf.o
        10          0          0          0          0         68   fretinf.o
         0          0          0          0          0          0   usenofp.o
        50          0          0          0          0        380   new.cpp.o
         0          0          0          0          4          0   cxa_default_handlers.cpp.o
        12          0          0          0          0        132   cxa_handlers.cpp.o

    ----------------------------------------------------------------------
      2246        114          0          0        100       3236   Library Totals
        12          0          0          0          0          0   (incl. Padding)

    ----------------------------------------------------------------------

      Code (inc. data)   RO Data    RW Data    ZI Data      Debug   Library Name

       876         86          0          0         96       1736   c_w.l
      1296         28          0          0          0        988   fz_ws.l
        50          0          0          0          0        380   libcpp_w.l
        12          0          0          0          4        132   libcppabi_w.l

    ----------------------------------------------------------------------
      2246        114          0          0        100       3236   Library Totals

    ----------------------------------------------------------------------

==============================================================================


      Code (inc. data)   RO Data    RW Data    ZI Data      Debug   

     25766        244     122538        380       3660      73858   Grand Totals
     25766        244     122538        380       3660      73858   ELF Image Totals
     25766        244     122538        380          0          0   ROM Totals

==============================================================================

    Total RO  Size (Code + RO Data)               148304 ( 144.83kB)
    Total RW  Size (RW Data + ZI Data)              4040 (   3.95kB)
    Total ROM Size (Code + RO Data + RW Data)     148684 ( 145.20kB)

==============================================================================

